MOVING_QUOTIENT {"core_automorphisms": 144, "core_group_independent_VF2_match": true, "distinct_literal_families": 330, "include_extendable": false, "ordered_raw_templates_covered": 325944, "oriented_patterns": 2928, "pattern_orbits": 986, "raw_domain": {"core_four_deletion_subsets": 3876, "edge_count_equal_assignments_per_template": 10240, "extendable_templates": 438336, "independent_bits_per_template": 15, "nonextendable_templates": 325944, "raw_equal_degree_P3_oriented_map_templates": 764280, "residual_types": 951}, "residual_double_orbits": 330, "seconds": 2.936613349000254, "status": "EXACT_CORE_AUTOMORPHISM_QUOTIENT"}
MOVING_QUOTIENT_TEMPLATE 0 {"counts": {"assignments": 32768, "degree_rejections": 8192, "edge_count_rejections": 22528, "missing_probe_card": 1536, "nonisomorphic_parent_pairs": 1536, "parent_isomorphic": 512}, "status": "SELECTED_TEMPLATE_EXHAUSTED_NO_CE_SINGLE_IMPLEMENTATION"}
MOVING_QUOTIENT_TEMPLATE 1 {"counts": {"assignments": 32768, "degree_rejections": 8192, "edge_count_rejections": 22528, "missing_probe_card": 1376, "nonisomorphic_parent_pairs": 1376, "parent_isomorphic": 672}, "status": "SELECTED_TEMPLATE_EXHAUSTED_NO_CE_SINGLE_IMPLEMENTATION"}
MOVING_QUOTIENT_TEMPLATE 2 {"counts": {"assignments": 32768, "degree_rejections": 8192, "edge_count_rejections": 22528, "missing_probe_card": 1376, "nonisomorphic_parent_pairs": 1376, "parent_isomorphic": 672}, "status": "SELECTED_TEMPLATE_EXHAUSTED_NO_CE_SINGLE_IMPLEMENTATION"}
MOVING_QUOTIENT_TEMPLATE 3 {"counts": {"assignments": 32768, "degree_rejections": 8832, "edge_count_rejections": 22528, "missing_probe_card": 800, "nonisomorphic_parent_pairs": 800, "parent_isomorphic": 608}, "status": "SELECTED_TEMPLATE_EXHAUSTED_NO_CE_SINGLE_IMPLEMENTATION"}
MOVING_QUOTIENT_TEMPLATE 4 {"counts": {"assignments": 32768, "degree_rejections": 8832, "edge_count_rejections": 22528, "missing_probe_card": 800, "nonisomorphic_parent_pairs": 800, "parent_isomorphic": 608}, "status": "SELECTED_TEMPLATE_EXHAUSTED_NO_CE_SINGLE_IMPLEMENTATION"}
MOVING_QUOTIENT_TEMPLATE 5 {"counts": {"assignments": 32768, "degree_rejections": 8832, "edge_count_rejections": 22528, "full_deck_mismatch": 128, "missing_probe_card": 672, "nonisomorphic_parent_pairs": 800, "parent_isomorphic": 608}, "status": "SELECTED_TEMPLATE_EXHAUSTED_NO_CE_SINGLE_IMPLEMENTATION"}
MOVING_QUOTIENT_TEMPLATE 6 {"counts": {"assignments": 32768, "degree_rejections": 7975, "edge_count_rejections": 22528, "missing_probe_card": 1752, "nonisomorphic_parent_pairs": 1752, "parent_isomorphic": 513}, "status": "SELECTED_TEMPLATE_EXHAUSTED_NO_CE_SINGLE_IMPLEMENTATION"}
MOVING_QUOTIENT_TEMPLATE 7 {"counts": {"assignments": 32768, "degree_rejections": 8019, "edge_count_rejections": 22528, "full_deck_mismatch": 8, "missing_probe_card": 1701, "nonisomorphic_parent_pairs": 1709, "parent_isomorphic": 512}, "status": "SELECTED_TEMPLATE_EXHAUSTED_NO_CE_SINGLE_IMPLEMENTATION"}
MOVING_QUOTIENT_TEMPLATE 8 {"counts": {"assignments": 32768, "degree_rejections": 7860, "edge_count_rejections": 22528, "missing_probe_card": 1404, "nonisomorphic_parent_pairs": 1404, "parent_isomorphic": 976}, "status": "SELECTED_TEMPLATE_EXHAUSTED_NO_CE_SINGLE_IMPLEMENTATION"}
MOVING_QUOTIENT_TEMPLATE 9 {"counts": {"assignments": 32768, "degree_rejections": 7144, "edge_count_rejections": 22528, "full_deck_mismatch": 2, "missing_probe_card": 2118, "nonisomorphic_parent_pairs": 2120, "parent_isomorphic": 976}, "status": "SELECTED_TEMPLATE_EXHAUSTED_NO_CE_SINGLE_IMPLEMENTATION"}
MOVING_QUOTIENT_TEMPLATE 10 {"counts": {"assignments": 32768, "degree_rejections": 7144, "edge_count_rejections": 22528, "full_deck_mismatch": 6, "missing_probe_card": 2114, "nonisomorphic_parent_pairs": 2120, "parent_isomorphic": 976}, "status": "SELECTED_TEMPLATE_EXHAUSTED_NO_CE_SINGLE_IMPLEMENTATION"}
MOVING_QUOTIENT_TEMPLATE 11 {"counts": {"assignments": 32768, "degree_rejections": 7848, "edge_count_rejections": 22528, "full_deck_mismatch": 6, "missing_probe_card": 1874, "nonisomorphic_parent_pairs": 1880, "parent_isomorphic": 512}, "status": "SELECTED_TEMPLATE_EXHAUSTED_NO_CE_SINGLE_IMPLEMENTATION"}
MOVING_QUOTIENT_TEMPLATE 12 {"counts": {"assignments": 32768, "degree_rejections": 7496, "edge_count_rejections": 22528, "missing_probe_card": 2231, "nonisomorphic_parent_pairs": 2231, "parent_isomorphic": 513}, "status": "SELECTED_TEMPLATE_EXHAUSTED_NO_CE_SINGLE_IMPLEMENTATION"}
MOVING_QUOTIENT_TEMPLATE 13 {"counts": {"assignments": 32768, "degree_rejections": 8424, "edge_count_rejections": 22528, "missing_probe_card": 1304, "nonisomorphic_parent_pairs": 1304, "parent_isomorphic": 512}, "status": "SELECTED_TEMPLATE_EXHAUSTED_NO_CE_SINGLE_IMPLEMENTATION"}
MOVING_QUOTIENT_TEMPLATE 14 {"counts": {"assignments": 32768, "degree_rejections": 7528, "edge_count_rejections": 22528, "missing_probe_card": 1736, "nonisomorphic_parent_pairs": 1736, "parent_isomorphic": 976}, "status": "SELECTED_TEMPLATE_EXHAUSTED_NO_CE_SINGLE_IMPLEMENTATION"}
MOVING_QUOTIENT_TEMPLATE 15 {"counts": {"assignments": 32768, "degree_rejections": 7884, "edge_count_rejections": 22528, "missing_probe_card": 1380, "nonisomorphic_parent_pairs": 1380, "parent_isomorphic": 976}, "status": "SELECTED_TEMPLATE_EXHAUSTED_NO_CE_SINGLE_IMPLEMENTATION"}
MOVING_QUOTIENT_TEMPLATE 16 {"counts": {"assignments": 32768, "degree_rejections": 7884, "edge_count_rejections": 22528, "missing_probe_card": 1380, "nonisomorphic_parent_pairs": 1380, "parent_isomorphic": 976}, "status": "SELECTED_TEMPLATE_EXHAUSTED_NO_CE_SINGLE_IMPLEMENTATION"}
MOVING_QUOTIENT_TEMPLATE 17 {"counts": {"assignments": 32768, "degree_rejections": 8192, "edge_count_rejections": 22528, "missing_probe_card": 1376, "nonisomorphic_parent_pairs": 1376, "parent_isomorphic": 672}, "status": "SELECTED_TEMPLATE_EXHAUSTED_NO_CE_SINGLE_IMPLEMENTATION"}
MOVING_QUOTIENT_TEMPLATE 18 {"counts": {"assignments": 32768, "degree_rejections": 10240, "edge_count_rejections": 22528}, "status": "SELECTED_TEMPLATE_EXHAUSTED_NO_CE_SINGLE_IMPLEMENTATION"}
MOVING_QUOTIENT_TEMPLATE 19 {"counts": {"assignments": 32768, "degree_rejections": 8240, "edge_count_rejections": 22528, "full_deck_mismatch": 2, "missing_probe_card": 1486, "nonisomorphic_parent_pairs": 1488, "parent_isomorphic": 512}, "status": "SELECTED_TEMPLATE_EXHAUSTED_NO_CE_SINGLE_IMPLEMENTATION"}
MOVING_QUOTIENT_TEMPLATE 20 {"counts": {"assignments": 32768, "degree_rejections": 8714, "edge_count_rejections": 22528, "full_deck_mismatch": 5, "missing_probe_card": 1521, "nonisomorphic_parent_pairs": 1526}, "status": "SELECTED_TEMPLATE_EXHAUSTED_NO_CE_SINGLE_IMPLEMENTATION"}
MOVING_QUOTIENT_TEMPLATE 21 {"counts": {"assignments": 32768, "degree_rejections": 8192, "edge_count_rejections": 22528, "missing_probe_card": 1088, "nonisomorphic_parent_pairs": 1088, "parent_isomorphic": 960}, "status": "SELECTED_TEMPLATE_EXHAUSTED_NO_CE_SINGLE_IMPLEMENTATION"}
MOVING_QUOTIENT_TEMPLATE 22 {"counts": {"assignments": 32768, "degree_rejections": 8192, "edge_count_rejections": 22528, "missing_probe_card": 1376, "nonisomorphic_parent_pairs": 1376, "parent_isomorphic": 672}, "status": "SELECTED_TEMPLATE_EXHAUSTED_NO_CE_SINGLE_IMPLEMENTATION"}
MOVING_QUOTIENT_TEMPLATE 23 {"counts": {"assignments": 32768, "degree_rejections": 8192, "edge_count_rejections": 22528, "full_deck_mismatch": 32, "missing_probe_card": 1488, "nonisomorphic_parent_pairs": 1520, "parent_isomorphic": 528}, "status": "SELECTED_TEMPLATE_EXHAUSTED_NO_CE_SINGLE_IMPLEMENTATION"}
MOVING_QUOTIENT_TEMPLATE 24 {"counts": {"assignments": 32768, "degree_rejections": 8808, "edge_count_rejections": 22528, "missing_probe_card": 824, "nonisomorphic_parent_pairs": 824, "parent_isomorphic": 608}, "status": "SELECTED_TEMPLATE_EXHAUSTED_NO_CE_SINGLE_IMPLEMENTATION"}
MOVING_QUOTIENT_TEMPLATE 25 {"counts": {"assignments": 32768, "degree_rejections": 10164, "edge_count_rejections": 22528, "missing_probe_card": 76, "nonisomorphic_parent_pairs": 76}, "status": "SELECTED_TEMPLATE_EXHAUSTED_NO_CE_SINGLE_IMPLEMENTATION"}
MOVING_QUOTIENT_TEMPLATE 26 {"counts": {"assignments": 32768, "degree_rejections": 8808, "edge_count_rejections": 22528, "missing_probe_card": 824, "nonisomorphic_parent_pairs": 824, "parent_isomorphic": 608}, "status": "SELECTED_TEMPLATE_EXHAUSTED_NO_CE_SINGLE_IMPLEMENTATION"}
MOVING_QUOTIENT_TEMPLATE 27 {"counts": {"assignments": 32768, "degree_rejections": 10194, "edge_count_rejections": 22528, "missing_probe_card": 46, "nonisomorphic_parent_pairs": 46}, "status": "SELECTED_TEMPLATE_EXHAUSTED_NO_CE_SINGLE_IMPLEMENTATION"}
MOVING_QUOTIENT_TEMPLATE 28 {"counts": {"assignments": 32768, "degree_rejections": 8696, "edge_count_rejections": 22528, "full_deck_mismatch": 64, "missing_probe_card": 872, "nonisomorphic_parent_pairs": 936, "parent_isomorphic": 608}, "status": "SELECTED_TEMPLATE_EXHAUSTED_NO_CE_SINGLE_IMPLEMENTATION"}
MOVING_QUOTIENT_TEMPLATE 29 {"counts": {"assignments": 32768, "degree_rejections": 10240, "edge_count_rejections": 22528}, "status": "SELECTED_TEMPLATE_EXHAUSTED_NO_CE_SINGLE_IMPLEMENTATION"}
MOVING_QUOTIENT_TEMPLATE 30 {"counts": {"assignments": 32768, "degree_rejections": 8151, "edge_count_rejections": 22528, "missing_probe_card": 1577, "nonisomorphic_parent_pairs": 1577, "parent_isomorphic": 512}, "status": "SELECTED_TEMPLATE_EXHAUSTED_NO_CE_SINGLE_IMPLEMENTATION"}
MOVING_QUOTIENT_TEMPLATE 31 {"counts": {"assignments": 32768, "degree_rejections": 7884, "edge_count_rejections": 22528, "missing_probe_card": 1396, "nonisomorphic_parent_pairs": 1396, "parent_isomorphic": 960}, "status": "SELECTED_TEMPLATE_EXHAUSTED_NO_CE_SINGLE_IMPLEMENTATION"}
MOVING_QUOTIENT_TEMPLATE 32 {"counts": {"assignments": 32768, "degree_rejections": 7860, "edge_count_rejections": 22528, "missing_probe_card": 1404, "nonisomorphic_parent_pairs": 1404, "parent_isomorphic": 976}, "status": "SELECTED_TEMPLATE_EXHAUSTED_NO_CE_SINGLE_IMPLEMENTATION"}
MOVING_QUOTIENT_TEMPLATE 33 {"counts": {"assignments": 32768, "degree_rejections": 7884, "edge_count_rejections": 22528, "full_deck_mismatch": 1, "missing_probe_card": 1379, "nonisomorphic_parent_pairs": 1380, "parent_isomorphic": 976}, "status": "SELECTED_TEMPLATE_EXHAUSTED_NO_CE_SINGLE_IMPLEMENTATION"}
MOVING_QUOTIENT_TEMPLATE 34 {"counts": {"assignments": 32768, "degree_rejections": 7884, "edge_count_rejections": 22528, "missing_probe_card": 1380, "nonisomorphic_parent_pairs": 1380, "parent_isomorphic": 976}, "status": "SELECTED_TEMPLATE_EXHAUSTED_NO_CE_SINGLE_IMPLEMENTATION"}
MOVING_QUOTIENT_TEMPLATE 35 {"counts": {"assignments": 32768, "degree_rejections": 7184, "edge_count_rejections": 22528, "missing_probe_card": 2096, "nonisomorphic_parent_pairs": 2096, "parent_isomorphic": 960}, "status": "SELECTED_TEMPLATE_EXHAUSTED_NO_CE_SINGLE_IMPLEMENTATION"}
MOVING_QUOTIENT_TEMPLATE 36 {"counts": {"assignments": 32768, "degree_rejections": 9836, "edge_count_rejections": 22528, "missing_probe_card": 404, "nonisomorphic_parent_pairs": 404}, "status": "SELECTED_TEMPLATE_EXHAUSTED_NO_CE_SINGLE_IMPLEMENTATION"}
MOVING_QUOTIENT_TEMPLATE 37 {"counts": {"assignments": 32768, "degree_rejections": 9932, "edge_count_rejections": 22528, "missing_probe_card": 308, "nonisomorphic_parent_pairs": 308}, "status": "SELECTED_TEMPLATE_EXHAUSTED_NO_CE_SINGLE_IMPLEMENTATION"}
MOVING_QUOTIENT_TEMPLATE 38 {"counts": {"assignments": 32768, "degree_rejections": 10164, "edge_count_rejections": 22528, "missing_probe_card": 76, "nonisomorphic_parent_pairs": 76}, "status": "SELECTED_TEMPLATE_EXHAUSTED_NO_CE_SINGLE_IMPLEMENTATION"}
MOVING_QUOTIENT_TEMPLATE 39 {"counts": {"assignments": 32768, "degree_rejections": 10218, "edge_count_rejections": 22528, "missing_probe_card": 22, "nonisomorphic_parent_pairs": 22}, "status": "SELECTED_TEMPLATE_EXHAUSTED_NO_CE_SINGLE_IMPLEMENTATION"}
MOVING_QUOTIENT_TEMPLATE 40 {"counts": {"assignments": 32768, "degree_rejections": 9080, "edge_count_rejections": 22528, "missing_probe_card": 1160, "nonisomorphic_parent_pairs": 1160}, "status": "SELECTED_TEMPLATE_EXHAUSTED_NO_CE_SINGLE_IMPLEMENTATION"}
MOVING_QUOTIENT_TEMPLATE 41 {"counts": {"assignments": 32768, "degree_rejections": 10218, "edge_count_rejections": 22528, "missing_probe_card": 22, "nonisomorphic_parent_pairs": 22}, "status": "SELECTED_TEMPLATE_EXHAUSTED_NO_CE_SINGLE_IMPLEMENTATION"}
MOVING_QUOTIENT_TEMPLATE 42 {"counts": {"assignments": 32768, "degree_rejections": 10240, "edge_count_rejections": 22528}, "status": "SELECTED_TEMPLATE_EXHAUSTED_NO_CE_SINGLE_IMPLEMENTATION"}
MOVING_QUOTIENT_TEMPLATE 43 {"counts": {"assignments": 32768, "degree_rejections": 9018, "edge_count_rejections": 22528, "missing_probe_card": 1222, "nonisomorphic_parent_pairs": 1222}, "status": "SELECTED_TEMPLATE_EXHAUSTED_NO_CE_SINGLE_IMPLEMENTATION"}
MOVING_QUOTIENT_TEMPLATE 44 {"counts": {"assignments": 32768, "degree_rejections": 10240, "edge_count_rejections": 22528}, "status": "SELECTED_TEMPLATE_EXHAUSTED_NO_CE_SINGLE_IMPLEMENTATION"}
MOVING_QUOTIENT_TEMPLATE 45 {"counts": {"assignments": 32768, "degree_rejections": 10240, "edge_count_rejections": 22528}, "status": "SELECTED_TEMPLATE_EXHAUSTED_NO_CE_SINGLE_IMPLEMENTATION"}
MOVING_QUOTIENT_TEMPLATE 46 {"counts": {"assignments": 32768, "degree_rejections": 10036, "edge_count_rejections": 22528, "missing_probe_card": 204, "nonisomorphic_parent_pairs": 204}, "status": "SELECTED_TEMPLATE_EXHAUSTED_NO_CE_SINGLE_IMPLEMENTATION"}
MOVING_QUOTIENT_TEMPLATE 47 {"counts": {"assignments": 32768, "degree_rejections": 10240, "edge_count_rejections": 22528}, "status": "SELECTED_TEMPLATE_EXHAUSTED_NO_CE_SINGLE_IMPLEMENTATION"}
MOVING_QUOTIENT_TEMPLATE 48 {"counts": {"assignments": 32768, "degree_rejections": 10164, "edge_count_rejections": 22528, "missing_probe_card": 76, "nonisomorphic_parent_pairs": 76}, "status": "SELECTED_TEMPLATE_EXHAUSTED_NO_CE_SINGLE_IMPLEMENTATION"}
MOVING_QUOTIENT_TEMPLATE 49 {"counts": {"assignments": 32768, "degree_rejections": 10156, "edge_count_rejections": 22528, "missing_probe_card": 84, "nonisomorphic_parent_pairs": 84}, "status": "SELECTED_TEMPLATE_EXHAUSTED_NO_CE_SINGLE_IMPLEMENTATION"}
MOVING_QUOTIENT_TEMPLATE 50 {"counts": {"assignments": 32768, "degree_rejections": 10138, "edge_count_rejections": 22528, "missing_probe_card": 102, "nonisomorphic_parent_pairs": 102}, "status": "SELECTED_TEMPLATE_EXHAUSTED_NO_CE_SINGLE_IMPLEMENTATION"}
MOVING_QUOTIENT_TEMPLATE 51 {"counts": {"assignments": 32768, "degree_rejections": 9994, "edge_count_rejections": 22528, "missing_probe_card": 246, "nonisomorphic_parent_pairs": 246}, "status": "SELECTED_TEMPLATE_EXHAUSTED_NO_CE_SINGLE_IMPLEMENTATION"}
MOVING_QUOTIENT_TEMPLATE 52 {"counts": {"assignments": 32768, "degree_rejections": 10104, "edge_count_rejections": 22528, "missing_probe_card": 136, "nonisomorphic_parent_pairs": 136}, "status": "SELECTED_TEMPLATE_EXHAUSTED_NO_CE_SINGLE_IMPLEMENTATION"}
MOVING_QUOTIENT_TEMPLATE 53 {"counts": {"assignments": 32768, "degree_rejections": 9018, "edge_count_rejections": 22528, "missing_probe_card": 1222, "nonisomorphic_parent_pairs": 1222}, "status": "SELECTED_TEMPLATE_EXHAUSTED_NO_CE_SINGLE_IMPLEMENTATION"}
MOVING_QUOTIENT_TEMPLATE 54 {"counts": {"assignments": 32768, "degree_rejections": 7528, "edge_count_rejections": 22528, "missing_probe_card": 2200, "nonisomorphic_parent_pairs": 2200, "parent_isomorphic": 512}, "status": "SELECTED_TEMPLATE_EXHAUSTED_NO_CE_SINGLE_IMPLEMENTATION"}
MOVING_QUOTIENT_TEMPLATE 55 {"counts": {"assignments": 32768, "degree_rejections": 7792, "edge_count_rejections": 22528, "missing_probe_card": 1936, "nonisomorphic_parent_pairs": 1936, "parent_isomorphic": 512}, "status": "SELECTED_TEMPLATE_EXHAUSTED_NO_CE_SINGLE_IMPLEMENTATION"}
MOVING_QUOTIENT_TEMPLATE 56 {"counts": {"assignments": 32768, "degree_rejections": 9927, "edge_count_rejections": 22528, "missing_probe_card": 313, "nonisomorphic_parent_pairs": 313}, "status": "SELECTED_TEMPLATE_EXHAUSTED_NO_CE_SINGLE_IMPLEMENTATION"}
MOVING_QUOTIENT_TEMPLATE 57 {"counts": {"assignments": 32768, "degree_rejections": 7400, "edge_count_rejections": 22528, "missing_probe_card": 2328, "nonisomorphic_parent_pairs": 2328, "parent_isomorphic": 512}, "status": "SELECTED_TEMPLATE_EXHAUSTED_NO_CE_SINGLE_IMPLEMENTATION"}
MOVING_QUOTIENT_TEMPLATE 58 {"counts": {"assignments": 32768, "degree_rejections": 7184, "edge_count_rejections": 22528, "missing_probe_card": 2096, "nonisomorphic_parent_pairs": 2096, "parent_isomorphic": 960}, "status": "SELECTED_TEMPLATE_EXHAUSTED_NO_CE_SINGLE_IMPLEMENTATION"}
MOVING_QUOTIENT_TEMPLATE 59 {"counts": {"assignments": 32768, "degree_rejections": 9705, "edge_count_rejections": 22528, "missing_probe_card": 535, "nonisomorphic_parent_pairs": 535}, "status": "SELECTED_TEMPLATE_EXHAUSTED_NO_CE_SINGLE_IMPLEMENTATION"}
MOVING_QUOTIENT_TEMPLATE 60 {"counts": {"assignments": 32768, "degree_rejections": 9913, "edge_count_rejections": 22528, "missing_probe_card": 327, "nonisomorphic_parent_pairs": 327}, "status": "SELECTED_TEMPLATE_EXHAUSTED_NO_CE_SINGLE_IMPLEMENTATION"}
MOVING_QUOTIENT_TEMPLATE 61 {"counts": {"assignments": 32768, "degree_rejections": 7528, "edge_count_rejections": 22528, "missing_probe_card": 1752, "nonisomorphic_parent_pairs": 1752, "parent_isomorphic": 960}, "status": "SELECTED_TEMPLATE_EXHAUSTED_NO_CE_SINGLE_IMPLEMENTATION"}
MOVING_QUOTIENT_TEMPLATE 62 {"counts": {"assignments": 32768, "degree_rejections": 7528, "edge_count_rejections": 22528, "missing_probe_card": 1736, "nonisomorphic_parent_pairs": 1736, "parent_isomorphic": 976}, "status": "SELECTED_TEMPLATE_EXHAUSTED_NO_CE_SINGLE_IMPLEMENTATION"}
MOVING_QUOTIENT_TEMPLATE 63 {"counts": {"assignments": 32768, "degree_rejections": 7528, "edge_count_rejections": 22528, "missing_probe_card": 2184, "nonisomorphic_parent_pairs": 2184, "parent_isomorphic": 528}, "status": "SELECTED_TEMPLATE_EXHAUSTED_NO_CE_SINGLE_IMPLEMENTATION"}
MOVING_QUOTIENT_TEMPLATE 64 {"counts": {"assignments": 32768, "degree_rejections": 7528, "edge_count_rejections": 22528, "missing_probe_card": 2184, "nonisomorphic_parent_pairs": 2184, "parent_isomorphic": 528}, "status": "SELECTED_TEMPLATE_EXHAUSTED_NO_CE_SINGLE_IMPLEMENTATION"}
MOVING_QUOTIENT_TEMPLATE 65 {"counts": {"assignments": 32768, "degree_rejections": 9193, "edge_count_rejections": 22528, "full_deck_mismatch": 4, "missing_probe_card": 1043, "nonisomorphic_parent_pairs": 1047}, "status": "SELECTED_TEMPLATE_EXHAUSTED_NO_CE_SINGLE_IMPLEMENTATION"}
MOVING_QUOTIENT_TEMPLATE 66 {"counts": {"assignments": 32768, "degree_rejections": 10139, "edge_count_rejections": 22528, "missing_probe_card": 101, "nonisomorphic_parent_pairs": 101}, "status": "SELECTED_TEMPLATE_EXHAUSTED_NO_CE_SINGLE_IMPLEMENTATION"}
MOVING_QUOTIENT_TEMPLATE 67 {"counts": {"assignments": 32768, "degree_rejections": 8165, "edge_count_rejections": 22528, "missing_probe_card": 2075, "nonisomorphic_parent_pairs": 2075}, "status": "SELECTED_TEMPLATE_EXHAUSTED_NO_CE_SINGLE_IMPLEMENTATION"}
MOVING_QUOTIENT_TEMPLATE 68 {"counts": {"assignments": 32768, "degree_rejections": 10139, "edge_count_rejections": 22528, "missing_probe_card": 101, "nonisomorphic_parent_pairs": 101}, "status": "SELECTED_TEMPLATE_EXHAUSTED_NO_CE_SINGLE_IMPLEMENTATION"}
MOVING_QUOTIENT_TEMPLATE 69 {"counts": {"assignments": 32768, "degree_rejections": 9924, "edge_count_rejections": 22528, "missing_probe_card": 316, "nonisomorphic_parent_pairs": 316}, "status": "SELECTED_TEMPLATE_EXHAUSTED_NO_CE_SINGLE_IMPLEMENTATION"}
MOVING_QUOTIENT_TEMPLATE 70 {"counts": {"assignments": 32768, "degree_rejections": 8608, "edge_count_rejections": 22528, "full_deck_mismatch": 3, "missing_probe_card": 1629, "nonisomorphic_parent_pairs": 1632}, "status": "SELECTED_TEMPLATE_EXHAUSTED_NO_CE_SINGLE_IMPLEMENTATION"}
MOVING_QUOTIENT_TEMPLATE 71 {"counts": {"assignments": 32768, "degree_rejections": 8116, "edge_count_rejections": 22528, "full_deck_mismatch": 1, "missing_probe_card": 2123, "nonisomorphic_parent_pairs": 2124}, "status": "SELECTED_TEMPLATE_EXHAUSTED_NO_CE_SINGLE_IMPLEMENTATION"}
MOVING_QUOTIENT_TEMPLATE 72 {"counts": {"assignments": 32768, "degree_rejections": 7144, "edge_count_rejections": 22528, "full_deck_mismatch": 3, "missing_probe_card": 2117, "nonisomorphic_parent_pairs": 2120, "parent_isomorphic": 976}, "status": "SELECTED_TEMPLATE_EXHAUSTED_NO_CE_SINGLE_IMPLEMENTATION"}
MOVING_QUOTIENT_TEMPLATE 73 {"counts": {"assignments": 32768, "degree_rejections": 10240, "edge_count_rejections": 22528}, "status": "SELECTED_TEMPLATE_EXHAUSTED_NO_CE_SINGLE_IMPLEMENTATION"}
MOVING_QUOTIENT_TEMPLATE 74 {"counts": {"assignments": 32768, "degree_rejections": 10240, "edge_count_rejections": 22528}, "status": "SELECTED_TEMPLATE_EXHAUSTED_NO_CE_SINGLE_IMPLEMENTATION"}
MOVING_QUOTIENT_TEMPLATE 75 {"counts": {"assignments": 32768, "degree_rejections": 7144, "edge_count_rejections": 22528, "full_deck_mismatch": 6, "missing_probe_card": 2114, "nonisomorphic_parent_pairs": 2120, "parent_isomorphic": 976}, "status": "SELECTED_TEMPLATE_EXHAUSTED_NO_CE_SINGLE_IMPLEMENTATION"}
MOVING_QUOTIENT_TEMPLATE 76 {"counts": {"assignments": 32768, "degree_rejections": 9569, "edge_count_rejections": 22528, "full_deck_mismatch": 2, "missing_probe_card": 669, "nonisomorphic_parent_pairs": 671}, "status": "SELECTED_TEMPLATE_EXHAUSTED_NO_CE_SINGLE_IMPLEMENTATION"}
MOVING_QUOTIENT_TEMPLATE 77 {"counts": {"assignments": 32768, "degree_rejections": 8116, "edge_count_rejections": 22528, "missing_probe_card": 2124, "nonisomorphic_parent_pairs": 2124}, "status": "SELECTED_TEMPLATE_EXHAUSTED_NO_CE_SINGLE_IMPLEMENTATION"}
MOVING_QUOTIENT_TEMPLATE 78 {"counts": {"assignments": 32768, "degree_rejections": 9139, "edge_count_rejections": 22528, "missing_probe_card": 1101, "nonisomorphic_parent_pairs": 1101}, "status": "SELECTED_TEMPLATE_EXHAUSTED_NO_CE_SINGLE_IMPLEMENTATION"}
MOVING_QUOTIENT_TEMPLATE 79 {"counts": {"assignments": 32768, "degree_rejections": 10173, "edge_count_rejections": 22528, "missing_probe_card": 67, "nonisomorphic_parent_pairs": 67}, "status": "SELECTED_TEMPLATE_EXHAUSTED_NO_CE_SINGLE_IMPLEMENTATION"}
MOVING_QUOTIENT_TEMPLATE 80 {"counts": {"assignments": 32768, "degree_rejections": 10172, "edge_count_rejections": 22528, "missing_probe_card": 68, "nonisomorphic_parent_pairs": 68}, "status": "SELECTED_TEMPLATE_EXHAUSTED_NO_CE_SINGLE_IMPLEMENTATION"}
MOVING_QUOTIENT_TEMPLATE 81 {"counts": {"assignments": 32768, "degree_rejections": 10009, "edge_count_rejections": 22528, "missing_probe_card": 231, "nonisomorphic_parent_pairs": 231}, "status": "SELECTED_TEMPLATE_EXHAUSTED_NO_CE_SINGLE_IMPLEMENTATION"}
MOVING_QUOTIENT_TEMPLATE 82 {"counts": {"assignments": 32768, "degree_rejections": 9344, "edge_count_rejections": 22528, "missing_probe_card": 896, "nonisomorphic_parent_pairs": 896}, "status": "SELECTED_TEMPLATE_EXHAUSTED_NO_CE_SINGLE_IMPLEMENTATION"}
MOVING_QUOTIENT_TEMPLATE 83 {"counts": {"assignments": 32768, "degree_rejections": 10219, "edge_count_rejections": 22528, "missing_probe_card": 21, "nonisomorphic_parent_pairs": 21}, "status": "SELECTED_TEMPLATE_EXHAUSTED_NO_CE_SINGLE_IMPLEMENTATION"}
MOVING_QUOTIENT_TEMPLATE 84 {"counts": {"assignments": 32768, "degree_rejections": 10235, "edge_count_rejections": 22528, "missing_probe_card": 5, "nonisomorphic_parent_pairs": 5}, "status": "SELECTED_TEMPLATE_EXHAUSTED_NO_CE_SINGLE_IMPLEMENTATION"}
MOVING_QUOTIENT_TEMPLATE 85 {"counts": {"assignments": 32768, "degree_rejections": 10008, "edge_count_rejections": 22528, "missing_probe_card": 232, "nonisomorphic_parent_pairs": 232}, "status": "SELECTED_TEMPLATE_EXHAUSTED_NO_CE_SINGLE_IMPLEMENTATION"}
MOVING_QUOTIENT_TEMPLATE 86 {"counts": {"assignments": 32768, "degree_rejections": 8424, "edge_count_rejections": 22528, "missing_probe_card": 1272, "nonisomorphic_parent_pairs": 1272, "parent_isomorphic": 544}, "status": "SELECTED_TEMPLATE_EXHAUSTED_NO_CE_SINGLE_IMPLEMENTATION"}
MOVING_QUOTIENT_TEMPLATE 87 {"counts": {"assignments": 32768, "degree_rejections": 8192, "edge_count_rejections": 22528, "missing_probe_card": 1504, "nonisomorphic_parent_pairs": 1504, "parent_isomorphic": 544}, "status": "SELECTED_TEMPLATE_EXHAUSTED_NO_CE_SINGLE_IMPLEMENTATION"}
MOVING_QUOTIENT_TEMPLATE 88 {"counts": {"assignments": 32768, "degree_rejections": 8192, "edge_count_rejections": 22528, "missing_probe_card": 1536, "nonisomorphic_parent_pairs": 1536, "parent_isomorphic": 512}, "status": "SELECTED_TEMPLATE_EXHAUSTED_NO_CE_SINGLE_IMPLEMENTATION"}
MOVING_QUOTIENT_TEMPLATE 89 {"counts": {"assignments": 32768, "degree_rejections": 8192, "edge_count_rejections": 22528, "missing_probe_card": 1536, "nonisomorphic_parent_pairs": 1536, "parent_isomorphic": 512}, "status": "SELECTED_TEMPLATE_EXHAUSTED_NO_CE_SINGLE_IMPLEMENTATION"}
MOVING_QUOTIENT_TEMPLATE 90 {"counts": {"assignments": 32768, "degree_rejections": 8496, "edge_count_rejections": 22528, "missing_probe_card": 1200, "nonisomorphic_parent_pairs": 1200, "parent_isomorphic": 544}, "status": "SELECTED_TEMPLATE_EXHAUSTED_NO_CE_SINGLE_IMPLEMENTATION"}
MOVING_QUOTIENT_TEMPLATE 91 {"counts": {"assignments": 32768, "degree_rejections": 8192, "edge_count_rejections": 22528, "missing_probe_card": 1088, "nonisomorphic_parent_pairs": 1088, "parent_isomorphic": 960}, "status": "SELECTED_TEMPLATE_EXHAUSTED_NO_CE_SINGLE_IMPLEMENTATION"}
MOVING_QUOTIENT_TEMPLATE 92 {"counts": {"assignments": 32768, "degree_rejections": 8832, "edge_count_rejections": 22528, "missing_probe_card": 896, "nonisomorphic_parent_pairs": 896, "parent_isomorphic": 512}, "status": "SELECTED_TEMPLATE_EXHAUSTED_NO_CE_SINGLE_IMPLEMENTATION"}
MOVING_QUOTIENT_TEMPLATE 93 {"counts": {"assignments": 32768, "degree_rejections": 8496, "edge_count_rejections": 22528, "missing_probe_card": 1232, "nonisomorphic_parent_pairs": 1232, "parent_isomorphic": 512}, "status": "SELECTED_TEMPLATE_EXHAUSTED_NO_CE_SINGLE_IMPLEMENTATION"}
MOVING_QUOTIENT_TEMPLATE 94 {"counts": {"assignments": 32768, "degree_rejections": 8192, "edge_count_rejections": 22528, "missing_probe_card": 1072, "nonisomorphic_parent_pairs": 1072, "parent_isomorphic": 976}, "status": "SELECTED_TEMPLATE_EXHAUSTED_NO_CE_SINGLE_IMPLEMENTATION"}
MOVING_QUOTIENT_TEMPLATE 95 {"counts": {"assignments": 32768, "degree_rejections": 8424, "edge_count_rejections": 22528, "full_deck_mismatch": 9, "missing_probe_card": 1263, "nonisomorphic_parent_pairs": 1272, "parent_isomorphic": 544}, "status": "SELECTED_TEMPLATE_EXHAUSTED_NO_CE_SINGLE_IMPLEMENTATION"}
MOVING_QUOTIENT_TEMPLATE 96 {"counts": {"assignments": 32768, "degree_rejections": 8424, "edge_count_rejections": 22528, "full_deck_mismatch": 4, "missing_probe_card": 1300, "nonisomorphic_parent_pairs": 1304, "parent_isomorphic": 512}, "status": "SELECTED_TEMPLATE_EXHAUSTED_NO_CE_SINGLE_IMPLEMENTATION"}
MOVING_QUOTIENT_TEMPLATE 97 {"counts": {"assignments": 32768, "degree_rejections": 8424, "edge_count_rejections": 22528, "full_deck_mismatch": 4, "missing_probe_card": 1300, "nonisomorphic_parent_pairs": 1304, "parent_isomorphic": 512}, "status": "SELECTED_TEMPLATE_EXHAUSTED_NO_CE_SINGLE_IMPLEMENTATION"}
MOVING_QUOTIENT_TEMPLATE 98 {"counts": {"assignments": 32768, "degree_rejections": 8744, "edge_count_rejections": 22528, "missing_probe_card": 984, "nonisomorphic_parent_pairs": 984, "parent_isomorphic": 512}, "status": "SELECTED_TEMPLATE_EXHAUSTED_NO_CE_SINGLE_IMPLEMENTATION"}
MOVING_QUOTIENT_TEMPLATE 99 {"counts": {"assignments": 32768, "degree_rejections": 8672, "edge_count_rejections": 22528, "missing_probe_card": 1056, "nonisomorphic_parent_pairs": 1056, "parent_isomorphic": 512}, "status": "SELECTED_TEMPLATE_EXHAUSTED_NO_CE_SINGLE_IMPLEMENTATION"}
MOVING_QUOTIENT_TEMPLATE 100 {"counts": {"assignments": 32768, "degree_rejections": 8832, "edge_count_rejections": 22528, "full_deck_mismatch": 96, "missing_probe_card": 768, "nonisomorphic_parent_pairs": 864, "parent_isomorphic": 544}, "status": "SELECTED_TEMPLATE_EXHAUSTED_NO_CE_SINGLE_IMPLEMENTATION"}
MOVING_QUOTIENT_TEMPLATE 101 {"counts": {"assignments": 32768, "degree_rejections": 8832, "edge_count_rejections": 22528, "missing_probe_card": 896, "nonisomorphic_parent_pairs": 896, "parent_isomorphic": 512}, "status": "SELECTED_TEMPLATE_EXHAUSTED_NO_CE_SINGLE_IMPLEMENTATION"}
MOVING_QUOTIENT_TEMPLATE 102 {"counts": {"assignments": 32768, "degree_rejections": 8832, "edge_count_rejections": 22528, "missing_probe_card": 896, "nonisomorphic_parent_pairs": 896, "parent_isomorphic": 512}, "status": "SELECTED_TEMPLATE_EXHAUSTED_NO_CE_SINGLE_IMPLEMENTATION"}
MOVING_QUOTIENT_TEMPLATE 103 {"counts": {"assignments": 32768, "degree_rejections": 8832, "edge_count_rejections": 22528, "full_deck_mismatch": 64, "missing_probe_card": 832, "nonisomorphic_parent_pairs": 896, "parent_isomorphic": 512}, "status": "SELECTED_TEMPLATE_EXHAUSTED_NO_CE_SINGLE_IMPLEMENTATION"}
MOVING_QUOTIENT_TEMPLATE 104 {"counts": {"assignments": 32768, "degree_rejections": 8832, "edge_count_rejections": 22528, "full_deck_mismatch": 64, "missing_probe_card": 832, "nonisomorphic_parent_pairs": 896, "parent_isomorphic": 512}, "status": "SELECTED_TEMPLATE_EXHAUSTED_NO_CE_SINGLE_IMPLEMENTATION"}
MOVING_QUOTIENT_TEMPLATE 105 {"counts": {"assignments": 32768, "degree_rejections": 10240, "edge_count_rejections": 22528}, "status": "SELECTED_TEMPLATE_EXHAUSTED_NO_CE_SINGLE_IMPLEMENTATION"}
MOVING_QUOTIENT_TEMPLATE 106 {"counts": {"assignments": 32768, "degree_rejections": 10240, "edge_count_rejections": 22528}, "status": "SELECTED_TEMPLATE_EXHAUSTED_NO_CE_SINGLE_IMPLEMENTATION"}
MOVING_QUOTIENT_TEMPLATE 107 {"counts": {"assignments": 32768, "degree_rejections": 8832, "edge_count_rejections": 22528, "missing_probe_card": 896, "nonisomorphic_parent_pairs": 896, "parent_isomorphic": 512}, "status": "SELECTED_TEMPLATE_EXHAUSTED_NO_CE_SINGLE_IMPLEMENTATION"}
MOVING_QUOTIENT_TEMPLATE 108 {"counts": {"assignments": 32768, "degree_rejections": 8832, "edge_count_rejections": 22528, "missing_probe_card": 896, "nonisomorphic_parent_pairs": 896, "parent_isomorphic": 512}, "status": "SELECTED_TEMPLATE_EXHAUSTED_NO_CE_SINGLE_IMPLEMENTATION"}
MOVING_QUOTIENT_TEMPLATE 109 {"counts": {"assignments": 32768, "degree_rejections": 8832, "edge_count_rejections": 22528, "missing_probe_card": 896, "nonisomorphic_parent_pairs": 896, "parent_isomorphic": 512}, "status": "SELECTED_TEMPLATE_EXHAUSTED_NO_CE_SINGLE_IMPLEMENTATION"}
MOVING_QUOTIENT_TEMPLATE 110 {"counts": {"assignments": 32768, "degree_rejections": 8832, "edge_count_rejections": 22528, "missing_probe_card": 896, "nonisomorphic_parent_pairs": 896, "parent_isomorphic": 512}, "status": "SELECTED_TEMPLATE_EXHAUSTED_NO_CE_SINGLE_IMPLEMENTATION"}
MOVING_QUOTIENT_TEMPLATE 111 {"counts": {"assignments": 32768, "degree_rejections": 8832, "edge_count_rejections": 22528, "missing_probe_card": 896, "nonisomorphic_parent_pairs": 896, "parent_isomorphic": 512}, "status": "SELECTED_TEMPLATE_EXHAUSTED_NO_CE_SINGLE_IMPLEMENTATION"}
MOVING_QUOTIENT_TEMPLATE 112 {"counts": {"assignments": 32768, "degree_rejections": 8832, "edge_count_rejections": 22528, "missing_probe_card": 896, "nonisomorphic_parent_pairs": 896, "parent_isomorphic": 512}, "status": "SELECTED_TEMPLATE_EXHAUSTED_NO_CE_SINGLE_IMPLEMENTATION"}
MOVING_QUOTIENT_TEMPLATE 113 {"counts": {"assignments": 32768, "degree_rejections": 8468, "edge_count_rejections": 22528, "missing_probe_card": 1228, "nonisomorphic_parent_pairs": 1228, "parent_isomorphic": 544}, "status": "SELECTED_TEMPLATE_EXHAUSTED_NO_CE_SINGLE_IMPLEMENTATION"}
MOVING_QUOTIENT_TEMPLATE 114 {"counts": {"assignments": 32768, "degree_rejections": 8468, "edge_count_rejections": 22528, "missing_probe_card": 1260, "nonisomorphic_parent_pairs": 1260, "parent_isomorphic": 512}, "status": "SELECTED_TEMPLATE_EXHAUSTED_NO_CE_SINGLE_IMPLEMENTATION"}
MOVING_QUOTIENT_TEMPLATE 115 {"counts": {"assignments": 32768, "degree_rejections": 8468, "edge_count_rejections": 22528, "missing_probe_card": 1260, "nonisomorphic_parent_pairs": 1260, "parent_isomorphic": 512}, "status": "SELECTED_TEMPLATE_EXHAUSTED_NO_CE_SINGLE_IMPLEMENTATION"}
MOVING_QUOTIENT_TEMPLATE 116 {"counts": {"assignments": 32768, "degree_rejections": 8192, "edge_count_rejections": 22528, "missing_probe_card": 1536, "nonisomorphic_parent_pairs": 1536, "parent_isomorphic": 512}, "status": "SELECTED_TEMPLATE_EXHAUSTED_NO_CE_SINGLE_IMPLEMENTATION"}
MOVING_QUOTIENT_TEMPLATE 117 {"counts": {"assignments": 32768, "degree_rejections": 10240, "edge_count_rejections": 22528}, "status": "SELECTED_TEMPLATE_EXHAUSTED_NO_CE_SINGLE_IMPLEMENTATION"}
MOVING_QUOTIENT_TEMPLATE 118 {"counts": {"assignments": 32768, "degree_rejections": 10240, "edge_count_rejections": 22528}, "status": "SELECTED_TEMPLATE_EXHAUSTED_NO_CE_SINGLE_IMPLEMENTATION"}
MOVING_QUOTIENT_TEMPLATE 119 {"counts": {"assignments": 32768, "degree_rejections": 7884, "edge_count_rejections": 22528, "full_deck_mismatch": 2, "missing_probe_card": 1378, "nonisomorphic_parent_pairs": 1380, "parent_isomorphic": 976}, "status": "SELECTED_TEMPLATE_EXHAUSTED_NO_CE_SINGLE_IMPLEMENTATION"}
MOVING_QUOTIENT_TEMPLATE 120 {"counts": {"assignments": 32768, "degree_rejections": 10240, "edge_count_rejections": 22528}, "status": "SELECTED_TEMPLATE_EXHAUSTED_NO_CE_SINGLE_IMPLEMENTATION"}
MOVING_QUOTIENT_TEMPLATE 121 {"counts": {"assignments": 32768, "degree_rejections": 10240, "edge_count_rejections": 22528}, "status": "SELECTED_TEMPLATE_EXHAUSTED_NO_CE_SINGLE_IMPLEMENTATION"}
MOVING_QUOTIENT_TEMPLATE 122 {"counts": {"assignments": 32768, "degree_rejections": 6600, "edge_count_rejections": 22528, "missing_probe_card": 3128, "nonisomorphic_parent_pairs": 3128, "parent_isomorphic": 512}, "status": "SELECTED_TEMPLATE_EXHAUSTED_NO_CE_SINGLE_IMPLEMENTATION"}
MOVING_QUOTIENT_TEMPLATE 123 {"counts": {"assignments": 32768, "degree_rejections": 7184, "edge_count_rejections": 22528, "full_deck_mismatch": 2, "missing_probe_card": 2078, "nonisomorphic_parent_pairs": 2080, "parent_isomorphic": 976}, "status": "SELECTED_TEMPLATE_EXHAUSTED_NO_CE_SINGLE_IMPLEMENTATION"}
MOVING_QUOTIENT_TEMPLATE 124 {"counts": {"assignments": 32768, "degree_rejections": 7184, "edge_count_rejections": 22528, "missing_probe_card": 2544, "nonisomorphic_parent_pairs": 2544, "parent_isomorphic": 512}, "status": "SELECTED_TEMPLATE_EXHAUSTED_NO_CE_SINGLE_IMPLEMENTATION"}
MOVING_QUOTIENT_TEMPLATE 125 {"counts": {"assignments": 32768, "degree_rejections": 8656, "edge_count_rejections": 22528, "missing_probe_card": 1072, "nonisomorphic_parent_pairs": 1072, "parent_isomorphic": 512}, "status": "SELECTED_TEMPLATE_EXHAUSTED_NO_CE_SINGLE_IMPLEMENTATION"}
MOVING_QUOTIENT_TEMPLATE 126 {"counts": {"assignments": 32768, "degree_rejections": 10240, "edge_count_rejections": 22528}, "status": "SELECTED_TEMPLATE_EXHAUSTED_NO_CE_SINGLE_IMPLEMENTATION"}
MOVING_QUOTIENT_TEMPLATE 127 {"counts": {"assignments": 32768, "degree_rejections": 8424, "edge_count_rejections": 22528, "missing_probe_card": 1304, "nonisomorphic_parent_pairs": 1304, "parent_isomorphic": 512}, "status": "SELECTED_TEMPLATE_EXHAUSTED_NO_CE_SINGLE_IMPLEMENTATION"}
MOVING_QUOTIENT_TEMPLATE 128 {"counts": {"assignments": 32768, "degree_rejections": 8221, "edge_count_rejections": 22528, "missing_probe_card": 2019, "nonisomorphic_parent_pairs": 2019}, "status": "SELECTED_TEMPLATE_EXHAUSTED_NO_CE_SINGLE_IMPLEMENTATION"}
MOVING_QUOTIENT_TEMPLATE 129 {"counts": {"assignments": 32768, "degree_rejections": 10240, "edge_count_rejections": 22528}, "status": "SELECTED_TEMPLATE_EXHAUSTED_NO_CE_SINGLE_IMPLEMENTATION"}
MOVING_QUOTIENT_TEMPLATE 130 {"counts": {"assignments": 32768, "degree_rejections": 8496, "edge_count_rejections": 22528, "full_deck_mismatch": 96, "missing_probe_card": 1104, "nonisomorphic_parent_pairs": 1200, "parent_isomorphic": 544}, "status": "SELECTED_TEMPLATE_EXHAUSTED_NO_CE_SINGLE_IMPLEMENTATION"}
MOVING_QUOTIENT_TEMPLATE 131 {"counts": {"assignments": 32768, "degree_rejections": 8496, "edge_count_rejections": 22528, "missing_probe_card": 1232, "nonisomorphic_parent_pairs": 1232, "parent_isomorphic": 512}, "status": "SELECTED_TEMPLATE_EXHAUSTED_NO_CE_SINGLE_IMPLEMENTATION"}
MOVING_QUOTIENT_TEMPLATE 132 {"counts": {"assignments": 32768, "degree_rejections": 8496, "edge_count_rejections": 22528, "missing_probe_card": 1232, "nonisomorphic_parent_pairs": 1232, "parent_isomorphic": 512}, "status": "SELECTED_TEMPLATE_EXHAUSTED_NO_CE_SINGLE_IMPLEMENTATION"}
MOVING_QUOTIENT_TEMPLATE 133 {"counts": {"assignments": 32768, "degree_rejections": 8496, "edge_count_rejections": 22528, "missing_probe_card": 1232, "nonisomorphic_parent_pairs": 1232, "parent_isomorphic": 512}, "status": "SELECTED_TEMPLATE_EXHAUSTED_NO_CE_SINGLE_IMPLEMENTATION"}
MOVING_QUOTIENT_TEMPLATE 134 {"counts": {"assignments": 32768, "degree_rejections": 8496, "edge_count_rejections": 22528, "missing_probe_card": 1232, "nonisomorphic_parent_pairs": 1232, "parent_isomorphic": 512}, "status": "SELECTED_TEMPLATE_EXHAUSTED_NO_CE_SINGLE_IMPLEMENTATION"}
MOVING_QUOTIENT_TEMPLATE 135 {"counts": {"assignments": 32768, "degree_rejections": 8496, "edge_count_rejections": 22528, "missing_probe_card": 1232, "nonisomorphic_parent_pairs": 1232, "parent_isomorphic": 512}, "status": "SELECTED_TEMPLATE_EXHAUSTED_NO_CE_SINGLE_IMPLEMENTATION"}
MOVING_QUOTIENT_TEMPLATE 136 {"counts": {"assignments": 32768, "degree_rejections": 8496, "edge_count_rejections": 22528, "missing_probe_card": 1232, "nonisomorphic_parent_pairs": 1232, "parent_isomorphic": 512}, "status": "SELECTED_TEMPLATE_EXHAUSTED_NO_CE_SINGLE_IMPLEMENTATION"}
MOVING_QUOTIENT_TEMPLATE 137 {"counts": {"assignments": 32768, "degree_rejections": 7528, "edge_count_rejections": 22528, "missing_probe_card": 2168, "nonisomorphic_parent_pairs": 2168, "parent_isomorphic": 544}, "status": "SELECTED_TEMPLATE_EXHAUSTED_NO_CE_SINGLE_IMPLEMENTATION"}
MOVING_QUOTIENT_TEMPLATE 138 {"counts": {"assignments": 32768, "degree_rejections": 10240, "edge_count_rejections": 22528}, "status": "SELECTED_TEMPLATE_EXHAUSTED_NO_CE_SINGLE_IMPLEMENTATION"}
MOVING_QUOTIENT_TEMPLATE 139 {"counts": {"assignments": 32768, "degree_rejections": 7528, "edge_count_rejections": 22528, "missing_probe_card": 1736, "nonisomorphic_parent_pairs": 1736, "parent_isomorphic": 976}, "status": "SELECTED_TEMPLATE_EXHAUSTED_NO_CE_SINGLE_IMPLEMENTATION"}
MOVING_QUOTIENT_TEMPLATE 140 {"counts": {"assignments": 32768, "degree_rejections": 7528, "edge_count_rejections": 22528, "missing_probe_card": 2168, "nonisomorphic_parent_pairs": 2168, "parent_isomorphic": 544}, "status": "SELECTED_TEMPLATE_EXHAUSTED_NO_CE_SINGLE_IMPLEMENTATION"}
MOVING_QUOTIENT_TEMPLATE 141 {"counts": {"assignments": 32768, "degree_rejections": 10240, "edge_count_rejections": 22528}, "status": "SELECTED_TEMPLATE_EXHAUSTED_NO_CE_SINGLE_IMPLEMENTATION"}
MOVING_QUOTIENT_TEMPLATE 142 {"counts": {"assignments": 32768, "degree_rejections": 7528, "edge_count_rejections": 22528, "missing_probe_card": 1736, "nonisomorphic_parent_pairs": 1736, "parent_isomorphic": 976}, "status": "SELECTED_TEMPLATE_EXHAUSTED_NO_CE_SINGLE_IMPLEMENTATION"}
MOVING_QUOTIENT_TEMPLATE 143 {"counts": {"assignments": 32768, "degree_rejections": 8424, "edge_count_rejections": 22528, "missing_probe_card": 1272, "nonisomorphic_parent_pairs": 1272, "parent_isomorphic": 544}, "status": "SELECTED_TEMPLATE_EXHAUSTED_NO_CE_SINGLE_IMPLEMENTATION"}
MOVING_QUOTIENT_TEMPLATE 144 {"counts": {"assignments": 32768, "degree_rejections": 8192, "edge_count_rejections": 22528, "full_deck_mismatch": 2, "missing_probe_card": 1502, "nonisomorphic_parent_pairs": 1504, "parent_isomorphic": 544}, "status": "SELECTED_TEMPLATE_EXHAUSTED_NO_CE_SINGLE_IMPLEMENTATION"}
MOVING_QUOTIENT_TEMPLATE 145 {"counts": {"assignments": 32768, "degree_rejections": 8496, "edge_count_rejections": 22528, "full_deck_mismatch": 8, "missing_probe_card": 1192, "nonisomorphic_parent_pairs": 1200, "parent_isomorphic": 544}, "status": "SELECTED_TEMPLATE_EXHAUSTED_NO_CE_SINGLE_IMPLEMENTATION"}
MOVING_QUOTIENT_TEMPLATE 146 {"counts": {"assignments": 32768, "degree_rejections": 8496, "edge_count_rejections": 22528, "missing_probe_card": 1200, "nonisomorphic_parent_pairs": 1200, "parent_isomorphic": 544}, "status": "SELECTED_TEMPLATE_EXHAUSTED_NO_CE_SINGLE_IMPLEMENTATION"}
MOVING_QUOTIENT_TEMPLATE 147 {"counts": {"assignments": 32768, "degree_rejections": 8192, "edge_count_rejections": 22528, "missing_probe_card": 1072, "nonisomorphic_parent_pairs": 1072, "parent_isomorphic": 976}, "status": "SELECTED_TEMPLATE_EXHAUSTED_NO_CE_SINGLE_IMPLEMENTATION"}
MOVING_QUOTIENT_TEMPLATE 148 {"counts": {"assignments": 32768, "degree_rejections": 8424, "edge_count_rejections": 22528, "missing_probe_card": 1272, "nonisomorphic_parent_pairs": 1272, "parent_isomorphic": 544}, "status": "SELECTED_TEMPLATE_EXHAUSTED_NO_CE_SINGLE_IMPLEMENTATION"}
MOVING_QUOTIENT_TEMPLATE 149 {"counts": {"assignments": 32768, "degree_rejections": 8832, "edge_count_rejections": 22528, "missing_probe_card": 896, "nonisomorphic_parent_pairs": 896, "parent_isomorphic": 512}, "status": "SELECTED_TEMPLATE_EXHAUSTED_NO_CE_SINGLE_IMPLEMENTATION"}
MOVING_QUOTIENT_TEMPLATE 150 {"counts": {"assignments": 32768, "degree_rejections": 8832, "edge_count_rejections": 22528, "full_deck_mismatch": 96, "missing_probe_card": 768, "nonisomorphic_parent_pairs": 864, "parent_isomorphic": 544}, "status": "SELECTED_TEMPLATE_EXHAUSTED_NO_CE_SINGLE_IMPLEMENTATION"}
MOVING_QUOTIENT_TEMPLATE 151 {"counts": {"assignments": 32768, "degree_rejections": 8832, "edge_count_rejections": 22528, "missing_probe_card": 896, "nonisomorphic_parent_pairs": 896, "parent_isomorphic": 512}, "status": "SELECTED_TEMPLATE_EXHAUSTED_NO_CE_SINGLE_IMPLEMENTATION"}
MOVING_QUOTIENT_TEMPLATE 152 {"counts": {"assignments": 32768, "degree_rejections": 8832, "edge_count_rejections": 22528, "missing_probe_card": 896, "nonisomorphic_parent_pairs": 896, "parent_isomorphic": 512}, "status": "SELECTED_TEMPLATE_EXHAUSTED_NO_CE_SINGLE_IMPLEMENTATION"}
MOVING_QUOTIENT_TEMPLATE 153 {"counts": {"assignments": 32768, "degree_rejections": 8832, "edge_count_rejections": 22528, "missing_probe_card": 896, "nonisomorphic_parent_pairs": 896, "parent_isomorphic": 512}, "status": "SELECTED_TEMPLATE_EXHAUSTED_NO_CE_SINGLE_IMPLEMENTATION"}
MOVING_QUOTIENT_TEMPLATE 154 {"counts": {"assignments": 32768, "degree_rejections": 8832, "edge_count_rejections": 22528, "missing_probe_card": 896, "nonisomorphic_parent_pairs": 896, "parent_isomorphic": 512}, "status": "SELECTED_TEMPLATE_EXHAUSTED_NO_CE_SINGLE_IMPLEMENTATION"}
MOVING_QUOTIENT_TEMPLATE 155 {"counts": {"assignments": 32768, "degree_rejections": 8832, "edge_count_rejections": 22528, "missing_probe_card": 896, "nonisomorphic_parent_pairs": 896, "parent_isomorphic": 512}, "status": "SELECTED_TEMPLATE_EXHAUSTED_NO_CE_SINGLE_IMPLEMENTATION"}
MOVING_QUOTIENT_TEMPLATE 156 {"counts": {"assignments": 32768, "degree_rejections": 8832, "edge_count_rejections": 22528, "missing_probe_card": 896, "nonisomorphic_parent_pairs": 896, "parent_isomorphic": 512}, "status": "SELECTED_TEMPLATE_EXHAUSTED_NO_CE_SINGLE_IMPLEMENTATION"}
MOVING_QUOTIENT_TEMPLATE 157 {"counts": {"assignments": 32768, "degree_rejections": 8468, "edge_count_rejections": 22528, "missing_probe_card": 1228, "nonisomorphic_parent_pairs": 1228, "parent_isomorphic": 544}, "status": "SELECTED_TEMPLATE_EXHAUSTED_NO_CE_SINGLE_IMPLEMENTATION"}
MOVING_QUOTIENT_TEMPLATE 158 {"counts": {"assignments": 32768, "degree_rejections": 8468, "edge_count_rejections": 22528, "missing_probe_card": 1228, "nonisomorphic_parent_pairs": 1228, "parent_isomorphic": 544}, "status": "SELECTED_TEMPLATE_EXHAUSTED_NO_CE_SINGLE_IMPLEMENTATION"}
MOVING_QUOTIENT_TEMPLATE 159 {"counts": {"assignments": 32768, "degree_rejections": 8832, "edge_count_rejections": 22528, "missing_probe_card": 896, "nonisomorphic_parent_pairs": 896, "parent_isomorphic": 512}, "status": "SELECTED_TEMPLATE_EXHAUSTED_NO_CE_SINGLE_IMPLEMENTATION"}
MOVING_QUOTIENT_TEMPLATE 160 {"counts": {"assignments": 32768, "degree_rejections": 8496, "edge_count_rejections": 22528, "full_deck_mismatch": 8, "missing_probe_card": 1224, "nonisomorphic_parent_pairs": 1232, "parent_isomorphic": 512}, "status": "SELECTED_TEMPLATE_EXHAUSTED_NO_CE_SINGLE_IMPLEMENTATION"}
MOVING_QUOTIENT_TEMPLATE 161 {"counts": {"assignments": 32768, "degree_rejections": 7528, "edge_count_rejections": 22528, "full_deck_mismatch": 9, "missing_probe_card": 2159, "nonisomorphic_parent_pairs": 2168, "parent_isomorphic": 544}, "status": "SELECTED_TEMPLATE_EXHAUSTED_NO_CE_SINGLE_IMPLEMENTATION"}
MOVING_QUOTIENT_TEMPLATE 162 {"counts": {"assignments": 32768, "degree_rejections": 7184, "edge_count_rejections": 22528, "missing_probe_card": 2080, "nonisomorphic_parent_pairs": 2080, "parent_isomorphic": 976}, "status": "SELECTED_TEMPLATE_EXHAUSTED_NO_CE_SINGLE_IMPLEMENTATION"}
MOVING_QUOTIENT_TEMPLATE 163 {"counts": {"assignments": 32768, "degree_rejections": 8424, "edge_count_rejections": 22528, "missing_probe_card": 1304, "nonisomorphic_parent_pairs": 1304, "parent_isomorphic": 512}, "status": "SELECTED_TEMPLATE_EXHAUSTED_NO_CE_SINGLE_IMPLEMENTATION"}
MOVING_QUOTIENT_TEMPLATE 164 {"counts": {"assignments": 32768, "degree_rejections": 7400, "edge_count_rejections": 22528, "missing_probe_card": 2296, "nonisomorphic_parent_pairs": 2296, "parent_isomorphic": 544}, "status": "SELECTED_TEMPLATE_EXHAUSTED_NO_CE_SINGLE_IMPLEMENTATION"}
MOVING_QUOTIENT_TEMPLATE 165 {"counts": {"assignments": 32768, "degree_rejections": 8424, "edge_count_rejections": 22528, "missing_probe_card": 1304, "nonisomorphic_parent_pairs": 1304, "parent_isomorphic": 512}, "status": "SELECTED_TEMPLATE_EXHAUSTED_NO_CE_SINGLE_IMPLEMENTATION"}
MOVING_QUOTIENT_TEMPLATE 166 {"counts": {"assignments": 32768, "degree_rejections": 8424, "edge_count_rejections": 22528, "missing_probe_card": 1304, "nonisomorphic_parent_pairs": 1304, "parent_isomorphic": 512}, "status": "SELECTED_TEMPLATE_EXHAUSTED_NO_CE_SINGLE_IMPLEMENTATION"}
MOVING_QUOTIENT_TEMPLATE 167 {"counts": {"assignments": 32768, "degree_rejections": 8424, "edge_count_rejections": 22528, "missing_probe_card": 1304, "nonisomorphic_parent_pairs": 1304, "parent_isomorphic": 512}, "status": "SELECTED_TEMPLATE_EXHAUSTED_NO_CE_SINGLE_IMPLEMENTATION"}
MOVING_QUOTIENT_TEMPLATE 168 {"counts": {"assignments": 32768, "degree_rejections": 7400, "edge_count_rejections": 22528, "missing_probe_card": 2296, "nonisomorphic_parent_pairs": 2296, "parent_isomorphic": 544}, "status": "SELECTED_TEMPLATE_EXHAUSTED_NO_CE_SINGLE_IMPLEMENTATION"}
MOVING_QUOTIENT_TEMPLATE 169 {"counts": {"assignments": 32768, "degree_rejections": 7400, "edge_count_rejections": 22528, "missing_probe_card": 2296, "nonisomorphic_parent_pairs": 2296, "parent_isomorphic": 544}, "status": "SELECTED_TEMPLATE_EXHAUSTED_NO_CE_SINGLE_IMPLEMENTATION"}
MOVING_QUOTIENT_TEMPLATE 170 {"counts": {"assignments": 32768, "degree_rejections": 8192, "edge_count_rejections": 22528, "missing_probe_card": 1536, "nonisomorphic_parent_pairs": 1536, "parent_isomorphic": 512}, "status": "SELECTED_TEMPLATE_EXHAUSTED_NO_CE_SINGLE_IMPLEMENTATION"}
MOVING_QUOTIENT_TEMPLATE 171 {"counts": {"assignments": 32768, "degree_rejections": 7884, "edge_count_rejections": 22528, "full_deck_mismatch": 12, "missing_probe_card": 1832, "nonisomorphic_parent_pairs": 1844, "parent_isomorphic": 512}, "status": "SELECTED_TEMPLATE_EXHAUSTED_NO_CE_SINGLE_IMPLEMENTATION"}
MOVING_QUOTIENT_TEMPLATE 172 {"counts": {"assignments": 32768, "degree_rejections": 7400, "edge_count_rejections": 22528, "full_deck_mismatch": 16, "missing_probe_card": 2312, "nonisomorphic_parent_pairs": 2328, "parent_isomorphic": 512}, "status": "SELECTED_TEMPLATE_EXHAUSTED_NO_CE_SINGLE_IMPLEMENTATION"}
MOVING_QUOTIENT_TEMPLATE 173 {"counts": {"assignments": 32768, "degree_rejections": 8424, "edge_count_rejections": 22528, "missing_probe_card": 1272, "nonisomorphic_parent_pairs": 1272, "parent_isomorphic": 544}, "status": "SELECTED_TEMPLATE_EXHAUSTED_NO_CE_SINGLE_IMPLEMENTATION"}
MOVING_QUOTIENT_TEMPLATE 174 {"counts": {"assignments": 32768, "degree_rejections": 8744, "edge_count_rejections": 22528, "full_deck_mismatch": 2, "missing_probe_card": 950, "nonisomorphic_parent_pairs": 952, "parent_isomorphic": 544}, "status": "SELECTED_TEMPLATE_EXHAUSTED_NO_CE_SINGLE_IMPLEMENTATION"}
MOVING_QUOTIENT_TEMPLATE 175 {"counts": {"assignments": 32768, "degree_rejections": 8696, "edge_count_rejections": 22528, "full_deck_mismatch": 7, "missing_probe_card": 993, "nonisomorphic_parent_pairs": 1000, "parent_isomorphic": 544}, "status": "SELECTED_TEMPLATE_EXHAUSTED_NO_CE_SINGLE_IMPLEMENTATION"}
MOVING_QUOTIENT_TEMPLATE 176 {"counts": {"assignments": 32768, "degree_rejections": 8696, "edge_count_rejections": 22528, "full_deck_mismatch": 6, "missing_probe_card": 994, "nonisomorphic_parent_pairs": 1000, "parent_isomorphic": 544}, "status": "SELECTED_TEMPLATE_EXHAUSTED_NO_CE_SINGLE_IMPLEMENTATION"}
MOVING_QUOTIENT_TEMPLATE 177 {"counts": {"assignments": 32768, "degree_rejections": 10240, "edge_count_rejections": 22528}, "status": "SELECTED_TEMPLATE_EXHAUSTED_NO_CE_SINGLE_IMPLEMENTATION"}
MOVING_QUOTIENT_TEMPLATE 178 {"counts": {"assignments": 32768, "degree_rejections": 10240, "edge_count_rejections": 22528}, "status": "SELECTED_TEMPLATE_EXHAUSTED_NO_CE_SINGLE_IMPLEMENTATION"}
MOVING_QUOTIENT_TEMPLATE 179 {"counts": {"assignments": 32768, "degree_rejections": 10134, "edge_count_rejections": 22528, "missing_probe_card": 105, "nonisomorphic_parent_pairs": 105, "parent_isomorphic": 1}, "status": "SELECTED_TEMPLATE_EXHAUSTED_NO_CE_SINGLE_IMPLEMENTATION"}
MOVING_QUOTIENT_TEMPLATE 180 {"counts": {"assignments": 32768, "degree_rejections": 8192, "edge_count_rejections": 22528, "missing_probe_card": 1088, "nonisomorphic_parent_pairs": 1088, "parent_isomorphic": 960}, "status": "SELECTED_TEMPLATE_EXHAUSTED_NO_CE_SINGLE_IMPLEMENTATION"}
MOVING_QUOTIENT_TEMPLATE 181 {"counts": {"assignments": 32768, "degree_rejections": 8832, "edge_count_rejections": 22528, "missing_probe_card": 896, "nonisomorphic_parent_pairs": 896, "parent_isomorphic": 512}, "status": "SELECTED_TEMPLATE_EXHAUSTED_NO_CE_SINGLE_IMPLEMENTATION"}
MOVING_QUOTIENT_TEMPLATE 182 {"counts": {"assignments": 32768, "degree_rejections": 8384, "edge_count_rejections": 22528, "missing_probe_card": 1344, "nonisomorphic_parent_pairs": 1344, "parent_isomorphic": 512}, "status": "SELECTED_TEMPLATE_EXHAUSTED_NO_CE_SINGLE_IMPLEMENTATION"}
MOVING_QUOTIENT_TEMPLATE 183 {"counts": {"assignments": 32768, "degree_rejections": 10240, "edge_count_rejections": 22528}, "status": "SELECTED_TEMPLATE_EXHAUSTED_NO_CE_SINGLE_IMPLEMENTATION"}
MOVING_QUOTIENT_TEMPLATE 184 {"counts": {"assignments": 32768, "degree_rejections": 8240, "edge_count_rejections": 22528, "missing_probe_card": 1488, "nonisomorphic_parent_pairs": 1488, "parent_isomorphic": 512}, "status": "SELECTED_TEMPLATE_EXHAUSTED_NO_CE_SINGLE_IMPLEMENTATION"}
MOVING_QUOTIENT_TEMPLATE 185 {"counts": {"assignments": 32768, "degree_rejections": 8192, "edge_count_rejections": 22528, "missing_probe_card": 1072, "nonisomorphic_parent_pairs": 1072, "parent_isomorphic": 976}, "status": "SELECTED_TEMPLATE_EXHAUSTED_NO_CE_SINGLE_IMPLEMENTATION"}
MOVING_QUOTIENT_TEMPLATE 186 {"counts": {"assignments": 32768, "degree_rejections": 8424, "edge_count_rejections": 22528, "full_deck_mismatch": 4, "missing_probe_card": 1268, "nonisomorphic_parent_pairs": 1272, "parent_isomorphic": 544}, "status": "SELECTED_TEMPLATE_EXHAUSTED_NO_CE_SINGLE_IMPLEMENTATION"}
MOVING_QUOTIENT_TEMPLATE 187 {"counts": {"assignments": 32768, "degree_rejections": 8744, "edge_count_rejections": 22528, "full_deck_mismatch": 92, "missing_probe_card": 860, "nonisomorphic_parent_pairs": 952, "parent_isomorphic": 544}, "status": "SELECTED_TEMPLATE_EXHAUSTED_NO_CE_SINGLE_IMPLEMENTATION"}
MOVING_QUOTIENT_TEMPLATE 188 {"counts": {"assignments": 32768, "degree_rejections": 8744, "edge_count_rejections": 22528, "missing_probe_card": 984, "nonisomorphic_parent_pairs": 984, "parent_isomorphic": 512}, "status": "SELECTED_TEMPLATE_EXHAUSTED_NO_CE_SINGLE_IMPLEMENTATION"}
MOVING_QUOTIENT_TEMPLATE 189 {"counts": {"assignments": 32768, "degree_rejections": 8744, "edge_count_rejections": 22528, "missing_probe_card": 984, "nonisomorphic_parent_pairs": 984, "parent_isomorphic": 512}, "status": "SELECTED_TEMPLATE_EXHAUSTED_NO_CE_SINGLE_IMPLEMENTATION"}
MOVING_QUOTIENT_TEMPLATE 190 {"counts": {"assignments": 32768, "degree_rejections": 8744, "edge_count_rejections": 22528, "full_deck_mismatch": 64, "missing_probe_card": 920, "nonisomorphic_parent_pairs": 984, "parent_isomorphic": 512}, "status": "SELECTED_TEMPLATE_EXHAUSTED_NO_CE_SINGLE_IMPLEMENTATION"}
MOVING_QUOTIENT_TEMPLATE 191 {"counts": {"assignments": 32768, "degree_rejections": 8744, "edge_count_rejections": 22528, "full_deck_mismatch": 64, "missing_probe_card": 920, "nonisomorphic_parent_pairs": 984, "parent_isomorphic": 512}, "status": "SELECTED_TEMPLATE_EXHAUSTED_NO_CE_SINGLE_IMPLEMENTATION"}
MOVING_QUOTIENT_TEMPLATE 192 {"counts": {"assignments": 32768, "degree_rejections": 10240, "edge_count_rejections": 22528}, "status": "SELECTED_TEMPLATE_EXHAUSTED_NO_CE_SINGLE_IMPLEMENTATION"}
MOVING_QUOTIENT_TEMPLATE 193 {"counts": {"assignments": 32768, "degree_rejections": 10240, "edge_count_rejections": 22528}, "status": "SELECTED_TEMPLATE_EXHAUSTED_NO_CE_SINGLE_IMPLEMENTATION"}
MOVING_QUOTIENT_TEMPLATE 194 {"counts": {"assignments": 32768, "degree_rejections": 8744, "edge_count_rejections": 22528, "missing_probe_card": 984, "nonisomorphic_parent_pairs": 984, "parent_isomorphic": 512}, "status": "SELECTED_TEMPLATE_EXHAUSTED_NO_CE_SINGLE_IMPLEMENTATION"}
MOVING_QUOTIENT_TEMPLATE 195 {"counts": {"assignments": 32768, "degree_rejections": 8744, "edge_count_rejections": 22528, "missing_probe_card": 984, "nonisomorphic_parent_pairs": 984, "parent_isomorphic": 512}, "status": "SELECTED_TEMPLATE_EXHAUSTED_NO_CE_SINGLE_IMPLEMENTATION"}
MOVING_QUOTIENT_TEMPLATE 196 {"counts": {"assignments": 32768, "degree_rejections": 8744, "edge_count_rejections": 22528, "missing_probe_card": 984, "nonisomorphic_parent_pairs": 984, "parent_isomorphic": 512}, "status": "SELECTED_TEMPLATE_EXHAUSTED_NO_CE_SINGLE_IMPLEMENTATION"}
MOVING_QUOTIENT_TEMPLATE 197 {"counts": {"assignments": 32768, "degree_rejections": 8744, "edge_count_rejections": 22528, "missing_probe_card": 984, "nonisomorphic_parent_pairs": 984, "parent_isomorphic": 512}, "status": "SELECTED_TEMPLATE_EXHAUSTED_NO_CE_SINGLE_IMPLEMENTATION"}
MOVING_QUOTIENT_TEMPLATE 198 {"counts": {"assignments": 32768, "degree_rejections": 8744, "edge_count_rejections": 22528, "missing_probe_card": 984, "nonisomorphic_parent_pairs": 984, "parent_isomorphic": 512}, "status": "SELECTED_TEMPLATE_EXHAUSTED_NO_CE_SINGLE_IMPLEMENTATION"}
MOVING_QUOTIENT_TEMPLATE 199 {"counts": {"assignments": 32768, "degree_rejections": 8744, "edge_count_rejections": 22528, "missing_probe_card": 984, "nonisomorphic_parent_pairs": 984, "parent_isomorphic": 512}, "status": "SELECTED_TEMPLATE_EXHAUSTED_NO_CE_SINGLE_IMPLEMENTATION"}
MOVING_QUOTIENT_TEMPLATE 200 {"counts": {"assignments": 32768, "degree_rejections": 8744, "edge_count_rejections": 22528, "missing_probe_card": 984, "nonisomorphic_parent_pairs": 984, "parent_isomorphic": 512}, "status": "SELECTED_TEMPLATE_EXHAUSTED_NO_CE_SINGLE_IMPLEMENTATION"}
MOVING_QUOTIENT_TEMPLATE 201 {"counts": {"assignments": 32768, "degree_rejections": 8672, "edge_count_rejections": 22528, "missing_probe_card": 1024, "nonisomorphic_parent_pairs": 1024, "parent_isomorphic": 544}, "status": "SELECTED_TEMPLATE_EXHAUSTED_NO_CE_SINGLE_IMPLEMENTATION"}
MOVING_QUOTIENT_TEMPLATE 202 {"counts": {"assignments": 32768, "degree_rejections": 8672, "edge_count_rejections": 22528, "full_deck_mismatch": 4, "missing_probe_card": 1564, "nonisomorphic_parent_pairs": 1568}, "status": "SELECTED_TEMPLATE_EXHAUSTED_NO_CE_SINGLE_IMPLEMENTATION"}
MOVING_QUOTIENT_TEMPLATE 203 {"counts": {"assignments": 32768, "degree_rejections": 8672, "edge_count_rejections": 22528, "full_deck_mismatch": 4, "missing_probe_card": 1564, "nonisomorphic_parent_pairs": 1568}, "status": "SELECTED_TEMPLATE_EXHAUSTED_NO_CE_SINGLE_IMPLEMENTATION"}
MOVING_QUOTIENT_TEMPLATE 204 {"counts": {"assignments": 32768, "degree_rejections": 8672, "edge_count_rejections": 22528, "missing_probe_card": 1024, "nonisomorphic_parent_pairs": 1024, "parent_isomorphic": 544}, "status": "SELECTED_TEMPLATE_EXHAUSTED_NO_CE_SINGLE_IMPLEMENTATION"}
MOVING_QUOTIENT_TEMPLATE 205 {"counts": {"assignments": 32768, "degree_rejections": 8832, "edge_count_rejections": 22528, "missing_probe_card": 896, "nonisomorphic_parent_pairs": 896, "parent_isomorphic": 512}, "status": "SELECTED_TEMPLATE_EXHAUSTED_NO_CE_SINGLE_IMPLEMENTATION"}
MOVING_QUOTIENT_TEMPLATE 206 {"counts": {"assignments": 32768, "degree_rejections": 8468, "edge_count_rejections": 22528, "missing_probe_card": 1260, "nonisomorphic_parent_pairs": 1260, "parent_isomorphic": 512}, "status": "SELECTED_TEMPLATE_EXHAUSTED_NO_CE_SINGLE_IMPLEMENTATION"}
MOVING_QUOTIENT_TEMPLATE 207 {"counts": {"assignments": 32768, "degree_rejections": 10240, "edge_count_rejections": 22528}, "status": "SELECTED_TEMPLATE_EXHAUSTED_NO_CE_SINGLE_IMPLEMENTATION"}
MOVING_QUOTIENT_TEMPLATE 208 {"counts": {"assignments": 32768, "degree_rejections": 8116, "edge_count_rejections": 22528, "full_deck_mismatch": 4, "missing_probe_card": 1576, "nonisomorphic_parent_pairs": 1580, "parent_isomorphic": 544}, "status": "SELECTED_TEMPLATE_EXHAUSTED_NO_CE_SINGLE_IMPLEMENTATION"}
MOVING_QUOTIENT_TEMPLATE 209 {"counts": {"assignments": 32768, "degree_rejections": 10240, "edge_count_rejections": 22528}, "status": "SELECTED_TEMPLATE_EXHAUSTED_NO_CE_SINGLE_IMPLEMENTATION"}
MOVING_QUOTIENT_TEMPLATE 210 {"counts": {"assignments": 32768, "degree_rejections": 10240, "edge_count_rejections": 22528}, "status": "SELECTED_TEMPLATE_EXHAUSTED_NO_CE_SINGLE_IMPLEMENTATION"}
MOVING_QUOTIENT_TEMPLATE 211 {"counts": {"assignments": 32768, "degree_rejections": 7184, "edge_count_rejections": 22528, "missing_probe_card": 2544, "nonisomorphic_parent_pairs": 2544, "parent_isomorphic": 512}, "status": "SELECTED_TEMPLATE_EXHAUSTED_NO_CE_SINGLE_IMPLEMENTATION"}
MOVING_QUOTIENT_TEMPLATE 212 {"counts": {"assignments": 32768, "degree_rejections": 7184, "edge_count_rejections": 22528, "missing_probe_card": 2080, "nonisomorphic_parent_pairs": 2080, "parent_isomorphic": 976}, "status": "SELECTED_TEMPLATE_EXHAUSTED_NO_CE_SINGLE_IMPLEMENTATION"}
MOVING_QUOTIENT_TEMPLATE 213 {"counts": {"assignments": 32768, "degree_rejections": 8424, "edge_count_rejections": 22528, "missing_probe_card": 1304, "nonisomorphic_parent_pairs": 1304, "parent_isomorphic": 512}, "status": "SELECTED_TEMPLATE_EXHAUSTED_NO_CE_SINGLE_IMPLEMENTATION"}
MOVING_QUOTIENT_TEMPLATE 214 {"counts": {"assignments": 32768, "degree_rejections": 10240, "edge_count_rejections": 22528}, "status": "SELECTED_TEMPLATE_EXHAUSTED_NO_CE_SINGLE_IMPLEMENTATION"}
MOVING_QUOTIENT_TEMPLATE 215 {"counts": {"assignments": 32768, "degree_rejections": 7528, "edge_count_rejections": 22528, "missing_probe_card": 2200, "nonisomorphic_parent_pairs": 2200, "parent_isomorphic": 512}, "status": "SELECTED_TEMPLATE_EXHAUSTED_NO_CE_SINGLE_IMPLEMENTATION"}
MOVING_QUOTIENT_TEMPLATE 216 {"counts": {"assignments": 32768, "degree_rejections": 7144, "edge_count_rejections": 22528, "full_deck_mismatch": 6, "missing_probe_card": 2578, "nonisomorphic_parent_pairs": 2584, "parent_isomorphic": 512}, "status": "SELECTED_TEMPLATE_EXHAUSTED_NO_CE_SINGLE_IMPLEMENTATION"}
MOVING_QUOTIENT_TEMPLATE 217 {"counts": {"assignments": 32768, "degree_rejections": 10240, "edge_count_rejections": 22528}, "status": "SELECTED_TEMPLATE_EXHAUSTED_NO_CE_SINGLE_IMPLEMENTATION"}
MOVING_QUOTIENT_TEMPLATE 218 {"counts": {"assignments": 32768, "degree_rejections": 7144, "edge_count_rejections": 22528, "missing_probe_card": 2136, "nonisomorphic_parent_pairs": 2136, "parent_isomorphic": 960}, "status": "SELECTED_TEMPLATE_EXHAUSTED_NO_CE_SINGLE_IMPLEMENTATION"}
MOVING_QUOTIENT_TEMPLATE 219 {"counts": {"assignments": 32768, "degree_rejections": 7884, "edge_count_rejections": 22528, "missing_probe_card": 1812, "nonisomorphic_parent_pairs": 1812, "parent_isomorphic": 544}, "status": "SELECTED_TEMPLATE_EXHAUSTED_NO_CE_SINGLE_IMPLEMENTATION"}
MOVING_QUOTIENT_TEMPLATE 220 {"counts": {"assignments": 32768, "degree_rejections": 10240, "edge_count_rejections": 22528}, "status": "SELECTED_TEMPLATE_EXHAUSTED_NO_CE_SINGLE_IMPLEMENTATION"}
MOVING_QUOTIENT_TEMPLATE 221 {"counts": {"assignments": 32768, "degree_rejections": 10240, "edge_count_rejections": 22528}, "status": "SELECTED_TEMPLATE_EXHAUSTED_NO_CE_SINGLE_IMPLEMENTATION"}
MOVING_QUOTIENT_TEMPLATE 222 {"counts": {"assignments": 32768, "degree_rejections": 10240, "edge_count_rejections": 22528}, "status": "SELECTED_TEMPLATE_EXHAUSTED_NO_CE_SINGLE_IMPLEMENTATION"}
MOVING_QUOTIENT_TEMPLATE 223 {"counts": {"assignments": 32768, "degree_rejections": 7856, "edge_count_rejections": 22528, "missing_probe_card": 1872, "nonisomorphic_parent_pairs": 1872, "parent_isomorphic": 512}, "status": "SELECTED_TEMPLATE_EXHAUSTED_NO_CE_SINGLE_IMPLEMENTATION"}
MOVING_QUOTIENT_TEMPLATE 224 {"counts": {"assignments": 32768, "degree_rejections": 10240, "edge_count_rejections": 22528}, "status": "SELECTED_TEMPLATE_EXHAUSTED_NO_CE_SINGLE_IMPLEMENTATION"}
MOVING_QUOTIENT_TEMPLATE 225 {"counts": {"assignments": 32768, "degree_rejections": 10240, "edge_count_rejections": 22528}, "status": "SELECTED_TEMPLATE_EXHAUSTED_NO_CE_SINGLE_IMPLEMENTATION"}
MOVING_QUOTIENT_TEMPLATE 226 {"counts": {"assignments": 32768, "degree_rejections": 7884, "edge_count_rejections": 22528, "missing_probe_card": 1380, "nonisomorphic_parent_pairs": 1380, "parent_isomorphic": 976}, "status": "SELECTED_TEMPLATE_EXHAUSTED_NO_CE_SINGLE_IMPLEMENTATION"}
MOVING_QUOTIENT_TEMPLATE 227 {"counts": {"assignments": 32768, "degree_rejections": 8656, "edge_count_rejections": 22528, "missing_probe_card": 1072, "nonisomorphic_parent_pairs": 1072, "parent_isomorphic": 512}, "status": "SELECTED_TEMPLATE_EXHAUSTED_NO_CE_SINGLE_IMPLEMENTATION"}
MOVING_QUOTIENT_TEMPLATE 228 {"counts": {"assignments": 32768, "degree_rejections": 8656, "edge_count_rejections": 22528, "missing_probe_card": 1072, "nonisomorphic_parent_pairs": 1072, "parent_isomorphic": 512}, "status": "SELECTED_TEMPLATE_EXHAUSTED_NO_CE_SINGLE_IMPLEMENTATION"}
MOVING_QUOTIENT_TEMPLATE 229 {"counts": {"assignments": 32768, "degree_rejections": 8656, "edge_count_rejections": 22528, "missing_probe_card": 1072, "nonisomorphic_parent_pairs": 1072, "parent_isomorphic": 512}, "status": "SELECTED_TEMPLATE_EXHAUSTED_NO_CE_SINGLE_IMPLEMENTATION"}
MOVING_QUOTIENT_TEMPLATE 230 {"counts": {"assignments": 32768, "degree_rejections": 7884, "edge_count_rejections": 22528, "full_deck_mismatch": 4, "missing_probe_card": 1808, "nonisomorphic_parent_pairs": 1812, "parent_isomorphic": 544}, "status": "SELECTED_TEMPLATE_EXHAUSTED_NO_CE_SINGLE_IMPLEMENTATION"}
MOVING_QUOTIENT_TEMPLATE 231 {"counts": {"assignments": 32768, "degree_rejections": 10240, "edge_count_rejections": 22528}, "status": "SELECTED_TEMPLATE_EXHAUSTED_NO_CE_SINGLE_IMPLEMENTATION"}
MOVING_QUOTIENT_TEMPLATE 232 {"counts": {"assignments": 32768, "degree_rejections": 7884, "edge_count_rejections": 22528, "missing_probe_card": 1380, "nonisomorphic_parent_pairs": 1380, "parent_isomorphic": 976}, "status": "SELECTED_TEMPLATE_EXHAUSTED_NO_CE_SINGLE_IMPLEMENTATION"}
MOVING_QUOTIENT_TEMPLATE 233 {"counts": {"assignments": 32768, "degree_rejections": 7884, "edge_count_rejections": 22528, "missing_probe_card": 1812, "nonisomorphic_parent_pairs": 1812, "parent_isomorphic": 544}, "status": "SELECTED_TEMPLATE_EXHAUSTED_NO_CE_SINGLE_IMPLEMENTATION"}
MOVING_QUOTIENT_TEMPLATE 234 {"counts": {"assignments": 32768, "degree_rejections": 10240, "edge_count_rejections": 22528}, "status": "SELECTED_TEMPLATE_EXHAUSTED_NO_CE_SINGLE_IMPLEMENTATION"}
MOVING_QUOTIENT_TEMPLATE 235 {"counts": {"assignments": 32768, "degree_rejections": 7884, "edge_count_rejections": 22528, "missing_probe_card": 1380, "nonisomorphic_parent_pairs": 1380, "parent_isomorphic": 976}, "status": "SELECTED_TEMPLATE_EXHAUSTED_NO_CE_SINGLE_IMPLEMENTATION"}
MOVING_QUOTIENT_TEMPLATE 236 {"counts": {"assignments": 32768, "degree_rejections": 8192, "edge_count_rejections": 22528, "missing_probe_card": 1536, "nonisomorphic_parent_pairs": 1536, "parent_isomorphic": 512}, "status": "SELECTED_TEMPLATE_EXHAUSTED_NO_CE_SINGLE_IMPLEMENTATION"}
MOVING_QUOTIENT_TEMPLATE 237 {"counts": {"assignments": 32768, "degree_rejections": 10240, "edge_count_rejections": 22528}, "status": "SELECTED_TEMPLATE_EXHAUSTED_NO_CE_SINGLE_IMPLEMENTATION"}
MOVING_QUOTIENT_TEMPLATE 238 {"counts": {"assignments": 32768, "degree_rejections": 10240, "edge_count_rejections": 22528}, "status": "SELECTED_TEMPLATE_EXHAUSTED_NO_CE_SINGLE_IMPLEMENTATION"}
MOVING_QUOTIENT_TEMPLATE 239 {"counts": {"assignments": 32768, "degree_rejections": 10240, "edge_count_rejections": 22528}, "status": "SELECTED_TEMPLATE_EXHAUSTED_NO_CE_SINGLE_IMPLEMENTATION"}
MOVING_QUOTIENT_TEMPLATE 240 {"counts": {"assignments": 32768, "degree_rejections": 7792, "edge_count_rejections": 22528, "missing_probe_card": 1936, "nonisomorphic_parent_pairs": 1936, "parent_isomorphic": 512}, "status": "SELECTED_TEMPLATE_EXHAUSTED_NO_CE_SINGLE_IMPLEMENTATION"}
MOVING_QUOTIENT_TEMPLATE 241 {"counts": {"assignments": 32768, "degree_rejections": 8424, "edge_count_rejections": 22528, "missing_probe_card": 1272, "nonisomorphic_parent_pairs": 1272, "parent_isomorphic": 544}, "status": "SELECTED_TEMPLATE_EXHAUSTED_NO_CE_SINGLE_IMPLEMENTATION"}
MOVING_QUOTIENT_TEMPLATE 242 {"counts": {"assignments": 32768, "degree_rejections": 8744, "edge_count_rejections": 22528, "full_deck_mismatch": 42, "missing_probe_card": 910, "nonisomorphic_parent_pairs": 952, "parent_isomorphic": 544}, "status": "SELECTED_TEMPLATE_EXHAUSTED_NO_CE_SINGLE_IMPLEMENTATION"}
MOVING_QUOTIENT_TEMPLATE 243 {"counts": {"assignments": 32768, "degree_rejections": 8744, "edge_count_rejections": 22528, "full_deck_mismatch": 2, "missing_probe_card": 982, "nonisomorphic_parent_pairs": 984, "parent_isomorphic": 512}, "status": "SELECTED_TEMPLATE_EXHAUSTED_NO_CE_SINGLE_IMPLEMENTATION"}
MOVING_QUOTIENT_TEMPLATE 244 {"counts": {"assignments": 32768, "degree_rejections": 8744, "edge_count_rejections": 22528, "full_deck_mismatch": 2, "missing_probe_card": 982, "nonisomorphic_parent_pairs": 984, "parent_isomorphic": 512}, "status": "SELECTED_TEMPLATE_EXHAUSTED_NO_CE_SINGLE_IMPLEMENTATION"}
MOVING_QUOTIENT_TEMPLATE 245 {"counts": {"assignments": 32768, "degree_rejections": 8384, "edge_count_rejections": 22528, "missing_probe_card": 1312, "nonisomorphic_parent_pairs": 1312, "parent_isomorphic": 544}, "status": "SELECTED_TEMPLATE_EXHAUSTED_NO_CE_SINGLE_IMPLEMENTATION"}
MOVING_QUOTIENT_TEMPLATE 246 {"counts": {"assignments": 32768, "degree_rejections": 8192, "edge_count_rejections": 22528, "missing_probe_card": 1072, "nonisomorphic_parent_pairs": 1072, "parent_isomorphic": 976}, "status": "SELECTED_TEMPLATE_EXHAUSTED_NO_CE_SINGLE_IMPLEMENTATION"}
MOVING_QUOTIENT_TEMPLATE 247 {"counts": {"assignments": 32768, "degree_rejections": 8192, "edge_count_rejections": 22528, "missing_probe_card": 1088, "nonisomorphic_parent_pairs": 1088, "parent_isomorphic": 960}, "status": "SELECTED_TEMPLATE_EXHAUSTED_NO_CE_SINGLE_IMPLEMENTATION"}
MOVING_QUOTIENT_TEMPLATE 248 {"counts": {"assignments": 32768, "degree_rejections": 8424, "edge_count_rejections": 22528, "missing_probe_card": 1272, "nonisomorphic_parent_pairs": 1272, "parent_isomorphic": 544}, "status": "SELECTED_TEMPLATE_EXHAUSTED_NO_CE_SINGLE_IMPLEMENTATION"}
MOVING_QUOTIENT_TEMPLATE 249 {"counts": {"assignments": 32768, "degree_rejections": 8424, "edge_count_rejections": 22528, "missing_probe_card": 1304, "nonisomorphic_parent_pairs": 1304, "parent_isomorphic": 512}, "status": "SELECTED_TEMPLATE_EXHAUSTED_NO_CE_SINGLE_IMPLEMENTATION"}
MOVING_QUOTIENT_TEMPLATE 250 {"counts": {"assignments": 32768, "degree_rejections": 8424, "edge_count_rejections": 22528, "missing_probe_card": 1304, "nonisomorphic_parent_pairs": 1304, "parent_isomorphic": 512}, "status": "SELECTED_TEMPLATE_EXHAUSTED_NO_CE_SINGLE_IMPLEMENTATION"}
MOVING_QUOTIENT_TEMPLATE 251 {"counts": {"assignments": 32768, "degree_rejections": 8832, "edge_count_rejections": 22528, "full_deck_mismatch": 96, "missing_probe_card": 768, "nonisomorphic_parent_pairs": 864, "parent_isomorphic": 544}, "status": "SELECTED_TEMPLATE_EXHAUSTED_NO_CE_SINGLE_IMPLEMENTATION"}
MOVING_QUOTIENT_TEMPLATE 252 {"counts": {"assignments": 32768, "degree_rejections": 8832, "edge_count_rejections": 22528, "missing_probe_card": 896, "nonisomorphic_parent_pairs": 896, "parent_isomorphic": 512}, "status": "SELECTED_TEMPLATE_EXHAUSTED_NO_CE_SINGLE_IMPLEMENTATION"}
MOVING_QUOTIENT_TEMPLATE 253 {"counts": {"assignments": 32768, "degree_rejections": 8832, "edge_count_rejections": 22528, "missing_probe_card": 896, "nonisomorphic_parent_pairs": 896, "parent_isomorphic": 512}, "status": "SELECTED_TEMPLATE_EXHAUSTED_NO_CE_SINGLE_IMPLEMENTATION"}
MOVING_QUOTIENT_TEMPLATE 254 {"counts": {"assignments": 32768, "degree_rejections": 8832, "edge_count_rejections": 22528, "missing_probe_card": 896, "nonisomorphic_parent_pairs": 896, "parent_isomorphic": 512}, "status": "SELECTED_TEMPLATE_EXHAUSTED_NO_CE_SINGLE_IMPLEMENTATION"}
MOVING_QUOTIENT_TEMPLATE 255 {"counts": {"assignments": 32768, "degree_rejections": 8832, "edge_count_rejections": 22528, "missing_probe_card": 896, "nonisomorphic_parent_pairs": 896, "parent_isomorphic": 512}, "status": "SELECTED_TEMPLATE_EXHAUSTED_NO_CE_SINGLE_IMPLEMENTATION"}
MOVING_QUOTIENT_TEMPLATE 256 {"counts": {"assignments": 32768, "degree_rejections": 8832, "edge_count_rejections": 22528, "missing_probe_card": 896, "nonisomorphic_parent_pairs": 896, "parent_isomorphic": 512}, "status": "SELECTED_TEMPLATE_EXHAUSTED_NO_CE_SINGLE_IMPLEMENTATION"}
MOVING_QUOTIENT_TEMPLATE 257 {"counts": {"assignments": 32768, "degree_rejections": 8832, "edge_count_rejections": 22528, "missing_probe_card": 896, "nonisomorphic_parent_pairs": 896, "parent_isomorphic": 512}, "status": "SELECTED_TEMPLATE_EXHAUSTED_NO_CE_SINGLE_IMPLEMENTATION"}
MOVING_QUOTIENT_TEMPLATE 258 {"counts": {"assignments": 32768, "degree_rejections": 8352, "edge_count_rejections": 22528, "missing_probe_card": 1344, "nonisomorphic_parent_pairs": 1344, "parent_isomorphic": 544}, "status": "SELECTED_TEMPLATE_EXHAUSTED_NO_CE_SINGLE_IMPLEMENTATION"}
MOVING_QUOTIENT_TEMPLATE 259 {"counts": {"assignments": 32768, "degree_rejections": 8832, "edge_count_rejections": 22528, "missing_probe_card": 896, "nonisomorphic_parent_pairs": 896, "parent_isomorphic": 512}, "status": "SELECTED_TEMPLATE_EXHAUSTED_NO_CE_SINGLE_IMPLEMENTATION"}
MOVING_QUOTIENT_TEMPLATE 260 {"counts": {"assignments": 32768, "degree_rejections": 8744, "edge_count_rejections": 22528, "missing_probe_card": 984, "nonisomorphic_parent_pairs": 984, "parent_isomorphic": 512}, "status": "SELECTED_TEMPLATE_EXHAUSTED_NO_CE_SINGLE_IMPLEMENTATION"}
MOVING_QUOTIENT_TEMPLATE 261 {"counts": {"assignments": 32768, "degree_rejections": 8696, "edge_count_rejections": 22528, "full_deck_mismatch": 16, "missing_probe_card": 1016, "nonisomorphic_parent_pairs": 1032, "parent_isomorphic": 512}, "status": "SELECTED_TEMPLATE_EXHAUSTED_NO_CE_SINGLE_IMPLEMENTATION"}
MOVING_QUOTIENT_TEMPLATE 262 {"counts": {"assignments": 32768, "degree_rejections": 10240, "edge_count_rejections": 22528}, "status": "SELECTED_TEMPLATE_EXHAUSTED_NO_CE_SINGLE_IMPLEMENTATION"}
MOVING_QUOTIENT_TEMPLATE 263 {"counts": {"assignments": 32768, "degree_rejections": 8396, "edge_count_rejections": 22528, "missing_probe_card": 1332, "nonisomorphic_parent_pairs": 1332, "parent_isomorphic": 512}, "status": "SELECTED_TEMPLATE_EXHAUSTED_NO_CE_SINGLE_IMPLEMENTATION"}
MOVING_QUOTIENT_TEMPLATE 264 {"counts": {"assignments": 32768, "degree_rejections": 8384, "edge_count_rejections": 22528, "full_deck_mismatch": 96, "missing_probe_card": 1216, "nonisomorphic_parent_pairs": 1312, "parent_isomorphic": 544}, "status": "SELECTED_TEMPLATE_EXHAUSTED_NO_CE_SINGLE_IMPLEMENTATION"}
MOVING_QUOTIENT_TEMPLATE 265 {"counts": {"assignments": 32768, "degree_rejections": 8384, "edge_count_rejections": 22528, "missing_probe_card": 1344, "nonisomorphic_parent_pairs": 1344, "parent_isomorphic": 512}, "status": "SELECTED_TEMPLATE_EXHAUSTED_NO_CE_SINGLE_IMPLEMENTATION"}
MOVING_QUOTIENT_TEMPLATE 266 {"counts": {"assignments": 32768, "degree_rejections": 8384, "edge_count_rejections": 22528, "missing_probe_card": 1344, "nonisomorphic_parent_pairs": 1344, "parent_isomorphic": 512}, "status": "SELECTED_TEMPLATE_EXHAUSTED_NO_CE_SINGLE_IMPLEMENTATION"}
MOVING_QUOTIENT_TEMPLATE 267 {"counts": {"assignments": 32768, "degree_rejections": 8384, "edge_count_rejections": 22528, "missing_probe_card": 1344, "nonisomorphic_parent_pairs": 1344, "parent_isomorphic": 512}, "status": "SELECTED_TEMPLATE_EXHAUSTED_NO_CE_SINGLE_IMPLEMENTATION"}
MOVING_QUOTIENT_TEMPLATE 268 {"counts": {"assignments": 32768, "degree_rejections": 8384, "edge_count_rejections": 22528, "missing_probe_card": 1344, "nonisomorphic_parent_pairs": 1344, "parent_isomorphic": 512}, "status": "SELECTED_TEMPLATE_EXHAUSTED_NO_CE_SINGLE_IMPLEMENTATION"}
MOVING_QUOTIENT_TEMPLATE 269 {"counts": {"assignments": 32768, "degree_rejections": 8384, "edge_count_rejections": 22528, "missing_probe_card": 1344, "nonisomorphic_parent_pairs": 1344, "parent_isomorphic": 512}, "status": "SELECTED_TEMPLATE_EXHAUSTED_NO_CE_SINGLE_IMPLEMENTATION"}
MOVING_QUOTIENT_TEMPLATE 270 {"counts": {"assignments": 32768, "degree_rejections": 8384, "edge_count_rejections": 22528, "missing_probe_card": 1344, "nonisomorphic_parent_pairs": 1344, "parent_isomorphic": 512}, "status": "SELECTED_TEMPLATE_EXHAUSTED_NO_CE_SINGLE_IMPLEMENTATION"}
MOVING_QUOTIENT_TEMPLATE 271 {"counts": {"assignments": 32768, "degree_rejections": 7144, "edge_count_rejections": 22528, "missing_probe_card": 2552, "nonisomorphic_parent_pairs": 2552, "parent_isomorphic": 544}, "status": "SELECTED_TEMPLATE_EXHAUSTED_NO_CE_SINGLE_IMPLEMENTATION"}
MOVING_QUOTIENT_TEMPLATE 272 {"counts": {"assignments": 32768, "degree_rejections": 7144, "edge_count_rejections": 22528, "missing_probe_card": 2552, "nonisomorphic_parent_pairs": 2552, "parent_isomorphic": 544}, "status": "SELECTED_TEMPLATE_EXHAUSTED_NO_CE_SINGLE_IMPLEMENTATION"}
MOVING_QUOTIENT_TEMPLATE 273 {"counts": {"assignments": 32768, "degree_rejections": 10240, "edge_count_rejections": 22528}, "status": "SELECTED_TEMPLATE_EXHAUSTED_NO_CE_SINGLE_IMPLEMENTATION"}
MOVING_QUOTIENT_TEMPLATE 274 {"counts": {"assignments": 32768, "degree_rejections": 7848, "edge_count_rejections": 22528, "missing_probe_card": 1848, "nonisomorphic_parent_pairs": 1848, "parent_isomorphic": 544}, "status": "SELECTED_TEMPLATE_EXHAUSTED_NO_CE_SINGLE_IMPLEMENTATION"}
MOVING_QUOTIENT_TEMPLATE 275 {"counts": {"assignments": 32768, "degree_rejections": 7184, "edge_count_rejections": 22528, "full_deck_mismatch": 2, "missing_probe_card": 2078, "nonisomorphic_parent_pairs": 2080, "parent_isomorphic": 976}, "status": "SELECTED_TEMPLATE_EXHAUSTED_NO_CE_SINGLE_IMPLEMENTATION"}
MOVING_QUOTIENT_TEMPLATE 276 {"counts": {"assignments": 32768, "degree_rejections": 8656, "edge_count_rejections": 22528, "missing_probe_card": 1072, "nonisomorphic_parent_pairs": 1072, "parent_isomorphic": 512}, "status": "SELECTED_TEMPLATE_EXHAUSTED_NO_CE_SINGLE_IMPLEMENTATION"}
MOVING_QUOTIENT_TEMPLATE 277 {"counts": {"assignments": 32768, "degree_rejections": 8743, "edge_count_rejections": 22528, "missing_probe_card": 1497, "nonisomorphic_parent_pairs": 1497}, "status": "SELECTED_TEMPLATE_EXHAUSTED_NO_CE_SINGLE_IMPLEMENTATION"}
MOVING_QUOTIENT_TEMPLATE 278 {"counts": {"assignments": 32768, "degree_rejections": 10240, "edge_count_rejections": 22528}, "status": "SELECTED_TEMPLATE_EXHAUSTED_NO_CE_SINGLE_IMPLEMENTATION"}
MOVING_QUOTIENT_TEMPLATE 279 {"counts": {"assignments": 32768, "degree_rejections": 8424, "edge_count_rejections": 22528, "missing_probe_card": 1304, "nonisomorphic_parent_pairs": 1304, "parent_isomorphic": 512}, "status": "SELECTED_TEMPLATE_EXHAUSTED_NO_CE_SINGLE_IMPLEMENTATION"}
MOVING_QUOTIENT_TEMPLATE 280 {"counts": {"assignments": 32768, "degree_rejections": 8744, "edge_count_rejections": 22528, "full_deck_mismatch": 14, "missing_probe_card": 970, "nonisomorphic_parent_pairs": 984, "parent_isomorphic": 512}, "status": "SELECTED_TEMPLATE_EXHAUSTED_NO_CE_SINGLE_IMPLEMENTATION"}
MOVING_QUOTIENT_TEMPLATE 281 {"counts": {"assignments": 32768, "degree_rejections": 8192, "edge_count_rejections": 22528, "missing_probe_card": 1536, "nonisomorphic_parent_pairs": 1536, "parent_isomorphic": 512}, "status": "SELECTED_TEMPLATE_EXHAUSTED_NO_CE_SINGLE_IMPLEMENTATION"}
MOVING_QUOTIENT_TEMPLATE 282 {"counts": {"assignments": 32768, "degree_rejections": 8424, "edge_count_rejections": 22528, "full_deck_mismatch": 26, "missing_probe_card": 1278, "nonisomorphic_parent_pairs": 1304, "parent_isomorphic": 512}, "status": "SELECTED_TEMPLATE_EXHAUSTED_NO_CE_SINGLE_IMPLEMENTATION"}
MOVING_QUOTIENT_TEMPLATE 283 {"counts": {"assignments": 32768, "degree_rejections": 8424, "edge_count_rejections": 22528, "full_deck_mismatch": 4, "missing_probe_card": 1300, "nonisomorphic_parent_pairs": 1304, "parent_isomorphic": 512}, "status": "SELECTED_TEMPLATE_EXHAUSTED_NO_CE_SINGLE_IMPLEMENTATION"}
MOVING_QUOTIENT_TEMPLATE 284 {"counts": {"assignments": 32768, "degree_rejections": 7496, "edge_count_rejections": 22528, "missing_probe_card": 2232, "nonisomorphic_parent_pairs": 2232, "parent_isomorphic": 512}, "status": "SELECTED_TEMPLATE_EXHAUSTED_NO_CE_SINGLE_IMPLEMENTATION"}
MOVING_QUOTIENT_TEMPLATE 285 {"counts": {"assignments": 32768, "degree_rejections": 7184, "edge_count_rejections": 22528, "missing_probe_card": 2096, "nonisomorphic_parent_pairs": 2096, "parent_isomorphic": 960}, "status": "SELECTED_TEMPLATE_EXHAUSTED_NO_CE_SINGLE_IMPLEMENTATION"}
MOVING_QUOTIENT_TEMPLATE 286 {"counts": {"assignments": 32768, "degree_rejections": 7528, "edge_count_rejections": 22528, "missing_probe_card": 1736, "nonisomorphic_parent_pairs": 1736, "parent_isomorphic": 976}, "status": "SELECTED_TEMPLATE_EXHAUSTED_NO_CE_SINGLE_IMPLEMENTATION"}
MOVING_QUOTIENT_TEMPLATE 287 {"counts": {"assignments": 32768, "degree_rejections": 7528, "edge_count_rejections": 22528, "missing_probe_card": 2200, "nonisomorphic_parent_pairs": 2200, "parent_isomorphic": 512}, "status": "SELECTED_TEMPLATE_EXHAUSTED_NO_CE_SINGLE_IMPLEMENTATION"}
MOVING_QUOTIENT_TEMPLATE 288 {"counts": {"assignments": 32768, "degree_rejections": 7528, "edge_count_rejections": 22528, "missing_probe_card": 2200, "nonisomorphic_parent_pairs": 2200, "parent_isomorphic": 512}, "status": "SELECTED_TEMPLATE_EXHAUSTED_NO_CE_SINGLE_IMPLEMENTATION"}
MOVING_QUOTIENT_TEMPLATE 289 {"counts": {"assignments": 32768, "degree_rejections": 7528, "edge_count_rejections": 22528, "missing_probe_card": 2200, "nonisomorphic_parent_pairs": 2200, "parent_isomorphic": 512}, "status": "SELECTED_TEMPLATE_EXHAUSTED_NO_CE_SINGLE_IMPLEMENTATION"}
MOVING_QUOTIENT_TEMPLATE 290 {"counts": {"assignments": 32768, "degree_rejections": 7528, "edge_count_rejections": 22528, "missing_probe_card": 2200, "nonisomorphic_parent_pairs": 2200, "parent_isomorphic": 512}, "status": "SELECTED_TEMPLATE_EXHAUSTED_NO_CE_SINGLE_IMPLEMENTATION"}
MOVING_QUOTIENT_TEMPLATE 291 {"counts": {"assignments": 32768, "degree_rejections": 7528, "edge_count_rejections": 22528, "missing_probe_card": 2200, "nonisomorphic_parent_pairs": 2200, "parent_isomorphic": 512}, "status": "SELECTED_TEMPLATE_EXHAUSTED_NO_CE_SINGLE_IMPLEMENTATION"}
MOVING_QUOTIENT_TEMPLATE 292 {"counts": {"assignments": 32768, "degree_rejections": 7528, "edge_count_rejections": 22528, "missing_probe_card": 2200, "nonisomorphic_parent_pairs": 2200, "parent_isomorphic": 512}, "status": "SELECTED_TEMPLATE_EXHAUSTED_NO_CE_SINGLE_IMPLEMENTATION"}
MOVING_QUOTIENT_TEMPLATE 293 {"counts": {"assignments": 32768, "degree_rejections": 7184, "edge_count_rejections": 22528, "full_deck_mismatch": 4, "missing_probe_card": 2076, "nonisomorphic_parent_pairs": 2080, "parent_isomorphic": 976}, "status": "SELECTED_TEMPLATE_EXHAUSTED_NO_CE_SINGLE_IMPLEMENTATION"}
MOVING_QUOTIENT_TEMPLATE 294 {"counts": {"assignments": 32768, "degree_rejections": 7184, "edge_count_rejections": 22528, "full_deck_mismatch": 9, "missing_probe_card": 2535, "nonisomorphic_parent_pairs": 2544, "parent_isomorphic": 512}, "status": "SELECTED_TEMPLATE_EXHAUSTED_NO_CE_SINGLE_IMPLEMENTATION"}
MOVING_QUOTIENT_TEMPLATE 295 {"counts": {"assignments": 32768, "degree_rejections": 7184, "edge_count_rejections": 22528, "full_deck_mismatch": 9, "missing_probe_card": 2535, "nonisomorphic_parent_pairs": 2544, "parent_isomorphic": 512}, "status": "SELECTED_TEMPLATE_EXHAUSTED_NO_CE_SINGLE_IMPLEMENTATION"}
MOVING_QUOTIENT_TEMPLATE 296 {"counts": {"assignments": 32768, "degree_rejections": 7184, "edge_count_rejections": 22528, "full_deck_mismatch": 9, "missing_probe_card": 2535, "nonisomorphic_parent_pairs": 2544, "parent_isomorphic": 512}, "status": "SELECTED_TEMPLATE_EXHAUSTED_NO_CE_SINGLE_IMPLEMENTATION"}
MOVING_QUOTIENT_TEMPLATE 297 {"counts": {"assignments": 32768, "degree_rejections": 7184, "edge_count_rejections": 22528, "full_deck_mismatch": 9, "missing_probe_card": 2535, "nonisomorphic_parent_pairs": 2544, "parent_isomorphic": 512}, "status": "SELECTED_TEMPLATE_EXHAUSTED_NO_CE_SINGLE_IMPLEMENTATION"}
MOVING_QUOTIENT_TEMPLATE 298 {"counts": {"assignments": 32768, "degree_rejections": 7184, "edge_count_rejections": 22528, "full_deck_mismatch": 9, "missing_probe_card": 2535, "nonisomorphic_parent_pairs": 2544, "parent_isomorphic": 512}, "status": "SELECTED_TEMPLATE_EXHAUSTED_NO_CE_SINGLE_IMPLEMENTATION"}
MOVING_QUOTIENT_TEMPLATE 299 {"counts": {"assignments": 32768, "degree_rejections": 7184, "edge_count_rejections": 22528, "full_deck_mismatch": 9, "missing_probe_card": 2535, "nonisomorphic_parent_pairs": 2544, "parent_isomorphic": 512}, "status": "SELECTED_TEMPLATE_EXHAUSTED_NO_CE_SINGLE_IMPLEMENTATION"}
MOVING_QUOTIENT_TEMPLATE 300 {"counts": {"assignments": 32768, "degree_rejections": 7184, "edge_count_rejections": 22528, "full_deck_mismatch": 4, "missing_probe_card": 2076, "nonisomorphic_parent_pairs": 2080, "parent_isomorphic": 976}, "status": "SELECTED_TEMPLATE_EXHAUSTED_NO_CE_SINGLE_IMPLEMENTATION"}
MOVING_QUOTIENT_TEMPLATE 301 {"counts": {"assignments": 32768, "degree_rejections": 7184, "edge_count_rejections": 22528, "full_deck_mismatch": 14, "missing_probe_card": 2530, "nonisomorphic_parent_pairs": 2544, "parent_isomorphic": 512}, "status": "SELECTED_TEMPLATE_EXHAUSTED_NO_CE_SINGLE_IMPLEMENTATION"}
MOVING_QUOTIENT_TEMPLATE 302 {"counts": {"assignments": 32768, "degree_rejections": 7184, "edge_count_rejections": 22528, "full_deck_mismatch": 14, "missing_probe_card": 2530, "nonisomorphic_parent_pairs": 2544, "parent_isomorphic": 512}, "status": "SELECTED_TEMPLATE_EXHAUSTED_NO_CE_SINGLE_IMPLEMENTATION"}
MOVING_QUOTIENT_TEMPLATE 303 {"counts": {"assignments": 32768, "degree_rejections": 7184, "edge_count_rejections": 22528, "full_deck_mismatch": 14, "missing_probe_card": 2530, "nonisomorphic_parent_pairs": 2544, "parent_isomorphic": 512}, "status": "SELECTED_TEMPLATE_EXHAUSTED_NO_CE_SINGLE_IMPLEMENTATION"}
MOVING_QUOTIENT_TEMPLATE 304 {"counts": {"assignments": 32768, "degree_rejections": 7184, "edge_count_rejections": 22528, "full_deck_mismatch": 14, "missing_probe_card": 2530, "nonisomorphic_parent_pairs": 2544, "parent_isomorphic": 512}, "status": "SELECTED_TEMPLATE_EXHAUSTED_NO_CE_SINGLE_IMPLEMENTATION"}
MOVING_QUOTIENT_TEMPLATE 305 {"counts": {"assignments": 32768, "degree_rejections": 7184, "edge_count_rejections": 22528, "full_deck_mismatch": 14, "missing_probe_card": 2530, "nonisomorphic_parent_pairs": 2544, "parent_isomorphic": 512}, "status": "SELECTED_TEMPLATE_EXHAUSTED_NO_CE_SINGLE_IMPLEMENTATION"}
MOVING_QUOTIENT_TEMPLATE 306 {"counts": {"assignments": 32768, "degree_rejections": 7184, "edge_count_rejections": 22528, "full_deck_mismatch": 14, "missing_probe_card": 2530, "nonisomorphic_parent_pairs": 2544, "parent_isomorphic": 512}, "status": "SELECTED_TEMPLATE_EXHAUSTED_NO_CE_SINGLE_IMPLEMENTATION"}
MOVING_QUOTIENT_TEMPLATE 307 {"counts": {"assignments": 32768, "degree_rejections": 7184, "edge_count_rejections": 22528, "missing_probe_card": 2096, "nonisomorphic_parent_pairs": 2096, "parent_isomorphic": 960}, "status": "SELECTED_TEMPLATE_EXHAUSTED_NO_CE_SINGLE_IMPLEMENTATION"}
MOVING_QUOTIENT_TEMPLATE 308 {"counts": {"assignments": 32768, "degree_rejections": 8192, "edge_count_rejections": 22528, "missing_probe_card": 1376, "nonisomorphic_parent_pairs": 1376, "parent_isomorphic": 672}, "status": "SELECTED_TEMPLATE_EXHAUSTED_NO_CE_SINGLE_IMPLEMENTATION"}
MOVING_QUOTIENT_TEMPLATE 309 {"counts": {"assignments": 32768, "degree_rejections": 8192, "edge_count_rejections": 22528, "missing_probe_card": 1376, "nonisomorphic_parent_pairs": 1376, "parent_isomorphic": 672}, "status": "SELECTED_TEMPLATE_EXHAUSTED_NO_CE_SINGLE_IMPLEMENTATION"}
MOVING_QUOTIENT_TEMPLATE 310 {"counts": {"assignments": 32768, "degree_rejections": 8696, "edge_count_rejections": 22528, "missing_probe_card": 1032, "nonisomorphic_parent_pairs": 1032, "parent_isomorphic": 512}, "status": "SELECTED_TEMPLATE_EXHAUSTED_NO_CE_SINGLE_IMPLEMENTATION"}
MOVING_QUOTIENT_TEMPLATE 311 {"counts": {"assignments": 32768, "degree_rejections": 8696, "edge_count_rejections": 22528, "missing_probe_card": 936, "nonisomorphic_parent_pairs": 936, "parent_isomorphic": 608}, "status": "SELECTED_TEMPLATE_EXHAUSTED_NO_CE_SINGLE_IMPLEMENTATION"}
MOVING_QUOTIENT_TEMPLATE 312 {"counts": {"assignments": 32768, "degree_rejections": 8696, "edge_count_rejections": 22528, "missing_probe_card": 1032, "nonisomorphic_parent_pairs": 1032, "parent_isomorphic": 512}, "status": "SELECTED_TEMPLATE_EXHAUSTED_NO_CE_SINGLE_IMPLEMENTATION"}
MOVING_QUOTIENT_TEMPLATE 313 {"counts": {"assignments": 32768, "degree_rejections": 8808, "edge_count_rejections": 22528, "full_deck_mismatch": 60, "missing_probe_card": 764, "nonisomorphic_parent_pairs": 824, "parent_isomorphic": 608}, "status": "SELECTED_TEMPLATE_EXHAUSTED_NO_CE_SINGLE_IMPLEMENTATION"}
MOVING_QUOTIENT_TEMPLATE 314 {"counts": {"assignments": 32768, "degree_rejections": 7792, "edge_count_rejections": 22528, "missing_probe_card": 1936, "nonisomorphic_parent_pairs": 1936, "parent_isomorphic": 512}, "status": "SELECTED_TEMPLATE_EXHAUSTED_NO_CE_SINGLE_IMPLEMENTATION"}
MOVING_QUOTIENT_TEMPLATE 315 {"counts": {"assignments": 32768, "degree_rejections": 8019, "edge_count_rejections": 22528, "full_deck_mismatch": 8, "missing_probe_card": 1669, "nonisomorphic_parent_pairs": 1677, "parent_isomorphic": 544}, "status": "SELECTED_TEMPLATE_EXHAUSTED_NO_CE_SINGLE_IMPLEMENTATION"}
MOVING_QUOTIENT_TEMPLATE 316 {"counts": {"assignments": 32768, "degree_rejections": 8019, "edge_count_rejections": 22528, "missing_probe_card": 1677, "nonisomorphic_parent_pairs": 1677, "parent_isomorphic": 544}, "status": "SELECTED_TEMPLATE_EXHAUSTED_NO_CE_SINGLE_IMPLEMENTATION"}
MOVING_QUOTIENT_TEMPLATE 317 {"counts": {"assignments": 32768, "degree_rejections": 7528, "edge_count_rejections": 22528, "missing_probe_card": 1752, "nonisomorphic_parent_pairs": 1752, "parent_isomorphic": 960}, "status": "SELECTED_TEMPLATE_EXHAUSTED_NO_CE_SINGLE_IMPLEMENTATION"}
MOVING_QUOTIENT_TEMPLATE 318 {"counts": {"assignments": 32768, "degree_rejections": 7144, "edge_count_rejections": 22528, "missing_probe_card": 2136, "nonisomorphic_parent_pairs": 2136, "parent_isomorphic": 960}, "status": "SELECTED_TEMPLATE_EXHAUSTED_NO_CE_SINGLE_IMPLEMENTATION"}
MOVING_QUOTIENT_TEMPLATE 319 {"counts": {"assignments": 32768, "degree_rejections": 8192, "edge_count_rejections": 22528, "missing_probe_card": 1376, "nonisomorphic_parent_pairs": 1376, "parent_isomorphic": 672}, "status": "SELECTED_TEMPLATE_EXHAUSTED_NO_CE_SINGLE_IMPLEMENTATION"}
MOVING_QUOTIENT_TEMPLATE 320 {"counts": {"assignments": 32768, "degree_rejections": 8192, "edge_count_rejections": 22528, "missing_probe_card": 1376, "nonisomorphic_parent_pairs": 1376, "parent_isomorphic": 672}, "status": "SELECTED_TEMPLATE_EXHAUSTED_NO_CE_SINGLE_IMPLEMENTATION"}
MOVING_QUOTIENT_TEMPLATE 321 {"counts": {"assignments": 32768, "degree_rejections": 8696, "edge_count_rejections": 22528, "missing_probe_card": 936, "nonisomorphic_parent_pairs": 936, "parent_isomorphic": 608}, "status": "SELECTED_TEMPLATE_EXHAUSTED_NO_CE_SINGLE_IMPLEMENTATION"}
MOVING_QUOTIENT_TEMPLATE 322 {"counts": {"assignments": 32768, "degree_rejections": 8696, "edge_count_rejections": 22528, "missing_probe_card": 936, "nonisomorphic_parent_pairs": 936, "parent_isomorphic": 608}, "status": "SELECTED_TEMPLATE_EXHAUSTED_NO_CE_SINGLE_IMPLEMENTATION"}
MOVING_QUOTIENT_TEMPLATE 323 {"counts": {"assignments": 32768, "degree_rejections": 8808, "edge_count_rejections": 22528, "full_deck_mismatch": 100, "missing_probe_card": 724, "nonisomorphic_parent_pairs": 824, "parent_isomorphic": 608}, "status": "SELECTED_TEMPLATE_EXHAUSTED_NO_CE_SINGLE_IMPLEMENTATION"}
MOVING_QUOTIENT_TEMPLATE 324 {"counts": {"assignments": 32768, "degree_rejections": 7184, "edge_count_rejections": 22528, "missing_probe_card": 2080, "nonisomorphic_parent_pairs": 2080, "parent_isomorphic": 976}, "status": "SELECTED_TEMPLATE_EXHAUSTED_NO_CE_SINGLE_IMPLEMENTATION"}
MOVING_QUOTIENT_TEMPLATE 325 {"counts": {"assignments": 32768, "degree_rejections": 9920, "edge_count_rejections": 22528, "missing_probe_card": 320, "nonisomorphic_parent_pairs": 320}, "status": "SELECTED_TEMPLATE_EXHAUSTED_NO_CE_SINGLE_IMPLEMENTATION"}
MOVING_QUOTIENT_TEMPLATE 326 {"counts": {"assignments": 32768, "degree_rejections": 7184, "edge_count_rejections": 22528, "missing_probe_card": 2080, "nonisomorphic_parent_pairs": 2080, "parent_isomorphic": 976}, "status": "SELECTED_TEMPLATE_EXHAUSTED_NO_CE_SINGLE_IMPLEMENTATION"}
MOVING_QUOTIENT_TEMPLATE 327 {"counts": {"assignments": 32768, "degree_rejections": 7528, "edge_count_rejections": 22528, "missing_probe_card": 1752, "nonisomorphic_parent_pairs": 1752, "parent_isomorphic": 960}, "status": "SELECTED_TEMPLATE_EXHAUSTED_NO_CE_SINGLE_IMPLEMENTATION"}
MOVING_QUOTIENT_TEMPLATE 328 {"counts": {"assignments": 32768, "degree_rejections": 8192, "edge_count_rejections": 22528, "missing_probe_card": 1376, "nonisomorphic_parent_pairs": 1376, "parent_isomorphic": 672}, "status": "SELECTED_TEMPLATE_EXHAUSTED_NO_CE_SINGLE_IMPLEMENTATION"}
MOVING_QUOTIENT_TEMPLATE 329 {"counts": {"assignments": 32768, "degree_rejections": 8696, "edge_count_rejections": 22528, "full_deck_mismatch": 6, "missing_probe_card": 930, "nonisomorphic_parent_pairs": 936, "parent_isomorphic": 608}, "status": "SELECTED_TEMPLATE_EXHAUSTED_NO_CE_SINGLE_IMPLEMENTATION"}
MOVING_QUOTIENT_RESULT {"counts": {"assignments": 10813440, "degree_rejections": 2839230, "edge_count_rejections": 7434240, "full_deck_mismatch": 1646, "missing_probe_card": 387633, "nonisomorphic_parent_pairs": 389279, "parent_isomorphic": 150691}, "include_extendable": false, "seconds": 141.35126171999946, "status": "ALL_QUOTIENT_FAMILIES_EXHAUSTED_NO_CE", "templates_searched": 330, "templates_total": 330}
