MOVING_QUOTIENT {"core_automorphisms": 144, "core_group_independent_VF2_match": true, "distinct_literal_families": 330, "include_extendable": false, "ordered_raw_templates_covered": 325944, "oriented_patterns": 2928, "pattern_orbits": 986, "raw_domain": {"core_four_deletion_subsets": 3876, "edge_count_equal_assignments_per_template": 10240, "extendable_templates": 438336, "independent_bits_per_template": 15, "nonextendable_templates": 325944, "raw_equal_degree_P3_oriented_map_templates": 764280, "residual_types": 951}, "residual_double_orbits": 330, "seconds": 2.707238693999898, "status": "EXACT_CORE_AUTOMORPHISM_QUOTIENT"}
MOVING_QUOTIENT_TEMPLATE 0 {"counts": {"assignments": 32768, "degree_rejections": 8192, "edge_count_rejections": 22528, "missing_probe_card": 1536, "nonisomorphic_parent_pairs": 1536, "parent_isomorphic": 512}, "status": "SELECTED_TEMPLATE_EXHAUSTED_NO_CE_SINGLE_IMPLEMENTATION"}
MOVING_QUOTIENT_TEMPLATE 1 {"counts": {"assignments": 32768, "degree_rejections": 8192, "edge_count_rejections": 22528, "missing_probe_card": 1376, "nonisomorphic_parent_pairs": 1376, "parent_isomorphic": 672}, "status": "SELECTED_TEMPLATE_EXHAUSTED_NO_CE_SINGLE_IMPLEMENTATION"}
MOVING_QUOTIENT_TEMPLATE 2 {"counts": {"assignments": 32768, "degree_rejections": 8192, "edge_count_rejections": 22528, "missing_probe_card": 1376, "nonisomorphic_parent_pairs": 1376, "parent_isomorphic": 672}, "status": "SELECTED_TEMPLATE_EXHAUSTED_NO_CE_SINGLE_IMPLEMENTATION"}
MOVING_QUOTIENT_TEMPLATE 3 {"counts": {"assignments": 32768, "degree_rejections": 8832, "edge_count_rejections": 22528, "missing_probe_card": 800, "nonisomorphic_parent_pairs": 800, "parent_isomorphic": 608}, "status": "SELECTED_TEMPLATE_EXHAUSTED_NO_CE_SINGLE_IMPLEMENTATION"}
MOVING_QUOTIENT_TEMPLATE 4 {"counts": {"assignments": 32768, "degree_rejections": 8832, "edge_count_rejections": 22528, "missing_probe_card": 800, "nonisomorphic_parent_pairs": 800, "parent_isomorphic": 608}, "status": "SELECTED_TEMPLATE_EXHAUSTED_NO_CE_SINGLE_IMPLEMENTATION"}
MOVING_QUOTIENT_TEMPLATE 5 {"counts": {"assignments": 32768, "degree_rejections": 8832, "edge_count_rejections": 22528, "full_deck_mismatch": 128, "missing_probe_card": 672, "nonisomorphic_parent_pairs": 800, "parent_isomorphic": 608}, "status": "SELECTED_TEMPLATE_EXHAUSTED_NO_CE_SINGLE_IMPLEMENTATION"}
MOVING_QUOTIENT_TEMPLATE 6 {"counts": {"assignments": 32768, "degree_rejections": 7975, "edge_count_rejections": 22528, "missing_probe_card": 1752, "nonisomorphic_parent_pairs": 1752, "parent_isomorphic": 513}, "status": "SELECTED_TEMPLATE_EXHAUSTED_NO_CE_SINGLE_IMPLEMENTATION"}
MOVING_QUOTIENT_TEMPLATE 7 {"counts": {"assignments": 32768, "degree_rejections": 8019, "edge_count_rejections": 22528, "full_deck_mismatch": 8, "missing_probe_card": 1701, "nonisomorphic_parent_pairs": 1709, "parent_isomorphic": 512}, "status": "SELECTED_TEMPLATE_EXHAUSTED_NO_CE_SINGLE_IMPLEMENTATION"}
MOVING_QUOTIENT_TEMPLATE 8 {"counts": {"assignments": 32768, "degree_rejections": 7860, "edge_count_rejections": 22528, "missing_probe_card": 1404, "nonisomorphic_parent_pairs": 1404, "parent_isomorphic": 976}, "status": "SELECTED_TEMPLATE_EXHAUSTED_NO_CE_SINGLE_IMPLEMENTATION"}
MOVING_QUOTIENT_TEMPLATE 9 {"counts": {"assignments": 32768, "degree_rejections": 7144, "edge_count_rejections": 22528, "full_deck_mismatch": 2, "missing_probe_card": 2118, "nonisomorphic_parent_pairs": 2120, "parent_isomorphic": 976}, "status": "SELECTED_TEMPLATE_EXHAUSTED_NO_CE_SINGLE_IMPLEMENTATION"}
MOVING_QUOTIENT_TEMPLATE 10 {"counts": {"assignments": 32768, "degree_rejections": 7144, "edge_count_rejections": 22528, "full_deck_mismatch": 6, "missing_probe_card": 2114, "nonisomorphic_parent_pairs": 2120, "parent_isomorphic": 976}, "status": "SELECTED_TEMPLATE_EXHAUSTED_NO_CE_SINGLE_IMPLEMENTATION"}
MOVING_QUOTIENT_TEMPLATE 11 {"counts": {"assignments": 32768, "degree_rejections": 7848, "edge_count_rejections": 22528, "full_deck_mismatch": 6, "missing_probe_card": 1874, "nonisomorphic_parent_pairs": 1880, "parent_isomorphic": 512}, "status": "SELECTED_TEMPLATE_EXHAUSTED_NO_CE_SINGLE_IMPLEMENTATION"}
MOVING_QUOTIENT_TEMPLATE 12 {"counts": {"assignments": 32768, "degree_rejections": 7496, "edge_count_rejections": 22528, "missing_probe_card": 2231, "nonisomorphic_parent_pairs": 2231, "parent_isomorphic": 513}, "status": "SELECTED_TEMPLATE_EXHAUSTED_NO_CE_SINGLE_IMPLEMENTATION"}
MOVING_QUOTIENT_TEMPLATE 13 {"counts": {"assignments": 32768, "degree_rejections": 8424, "edge_count_rejections": 22528, "missing_probe_card": 1304, "nonisomorphic_parent_pairs": 1304, "parent_isomorphic": 512}, "status": "SELECTED_TEMPLATE_EXHAUSTED_NO_CE_SINGLE_IMPLEMENTATION"}
MOVING_QUOTIENT_TEMPLATE 14 {"counts": {"assignments": 32768, "degree_rejections": 7528, "edge_count_rejections": 22528, "missing_probe_card": 1736, "nonisomorphic_parent_pairs": 1736, "parent_isomorphic": 976}, "status": "SELECTED_TEMPLATE_EXHAUSTED_NO_CE_SINGLE_IMPLEMENTATION"}
MOVING_QUOTIENT_TEMPLATE 15 {"counts": {"assignments": 32768, "degree_rejections": 7884, "edge_count_rejections": 22528, "missing_probe_card": 1380, "nonisomorphic_parent_pairs": 1380, "parent_isomorphic": 976}, "status": "SELECTED_TEMPLATE_EXHAUSTED_NO_CE_SINGLE_IMPLEMENTATION"}
MOVING_QUOTIENT_TEMPLATE 16 {"counts": {"assignments": 32768, "degree_rejections": 7884, "edge_count_rejections": 22528, "missing_probe_card": 1380, "nonisomorphic_parent_pairs": 1380, "parent_isomorphic": 976}, "status": "SELECTED_TEMPLATE_EXHAUSTED_NO_CE_SINGLE_IMPLEMENTATION"}
MOVING_QUOTIENT_TEMPLATE 17 {"counts": {"assignments": 32768, "degree_rejections": 8192, "edge_count_rejections": 22528, "missing_probe_card": 1376, "nonisomorphic_parent_pairs": 1376, "parent_isomorphic": 672}, "status": "SELECTED_TEMPLATE_EXHAUSTED_NO_CE_SINGLE_IMPLEMENTATION"}
MOVING_QUOTIENT_TEMPLATE 18 {"counts": {"assignments": 32768, "degree_rejections": 10240, "edge_count_rejections": 22528}, "status": "SELECTED_TEMPLATE_EXHAUSTED_NO_CE_SINGLE_IMPLEMENTATION"}
MOVING_QUOTIENT_TEMPLATE 19 {"counts": {"assignments": 32768, "degree_rejections": 8240, "edge_count_rejections": 22528, "full_deck_mismatch": 2, "missing_probe_card": 1486, "nonisomorphic_parent_pairs": 1488, "parent_isomorphic": 512}, "status": "SELECTED_TEMPLATE_EXHAUSTED_NO_CE_SINGLE_IMPLEMENTATION"}
MOVING_QUOTIENT_TEMPLATE 20 {"counts": {"assignments": 32768, "degree_rejections": 8714, "edge_count_rejections": 22528, "full_deck_mismatch": 5, "missing_probe_card": 1521, "nonisomorphic_parent_pairs": 1526}, "status": "SELECTED_TEMPLATE_EXHAUSTED_NO_CE_SINGLE_IMPLEMENTATION"}
MOVING_QUOTIENT_TEMPLATE 21 {"counts": {"assignments": 32768, "degree_rejections": 8192, "edge_count_rejections": 22528, "missing_probe_card": 1088, "nonisomorphic_parent_pairs": 1088, "parent_isomorphic": 960}, "status": "SELECTED_TEMPLATE_EXHAUSTED_NO_CE_SINGLE_IMPLEMENTATION"}
MOVING_QUOTIENT_TEMPLATE 22 {"counts": {"assignments": 32768, "degree_rejections": 8192, "edge_count_rejections": 22528, "missing_probe_card": 1376, "nonisomorphic_parent_pairs": 1376, "parent_isomorphic": 672}, "status": "SELECTED_TEMPLATE_EXHAUSTED_NO_CE_SINGLE_IMPLEMENTATION"}
MOVING_QUOTIENT_TEMPLATE 23 {"counts": {"assignments": 32768, "degree_rejections": 8192, "edge_count_rejections": 22528, "full_deck_mismatch": 32, "missing_probe_card": 1488, "nonisomorphic_parent_pairs": 1520, "parent_isomorphic": 528}, "status": "SELECTED_TEMPLATE_EXHAUSTED_NO_CE_SINGLE_IMPLEMENTATION"}
MOVING_QUOTIENT_TEMPLATE 24 {"counts": {"assignments": 32768, "degree_rejections": 8808, "edge_count_rejections": 22528, "missing_probe_card": 824, "nonisomorphic_parent_pairs": 824, "parent_isomorphic": 608}, "status": "SELECTED_TEMPLATE_EXHAUSTED_NO_CE_SINGLE_IMPLEMENTATION"}
MOVING_QUOTIENT_TEMPLATE 25 {"counts": {"assignments": 32768, "degree_rejections": 10164, "edge_count_rejections": 22528, "missing_probe_card": 76, "nonisomorphic_parent_pairs": 76}, "status": "SELECTED_TEMPLATE_EXHAUSTED_NO_CE_SINGLE_IMPLEMENTATION"}
MOVING_QUOTIENT_TEMPLATE 26 {"counts": {"assignments": 32768, "degree_rejections": 8808, "edge_count_rejections": 22528, "missing_probe_card": 824, "nonisomorphic_parent_pairs": 824, "parent_isomorphic": 608}, "status": "SELECTED_TEMPLATE_EXHAUSTED_NO_CE_SINGLE_IMPLEMENTATION"}
MOVING_QUOTIENT_TEMPLATE 27 {"counts": {"assignments": 32768, "degree_rejections": 10194, "edge_count_rejections": 22528, "missing_probe_card": 46, "nonisomorphic_parent_pairs": 46}, "status": "SELECTED_TEMPLATE_EXHAUSTED_NO_CE_SINGLE_IMPLEMENTATION"}
MOVING_QUOTIENT_TEMPLATE 28 {"counts": {"assignments": 32768, "degree_rejections": 8696, "edge_count_rejections": 22528, "full_deck_mismatch": 64, "missing_probe_card": 872, "nonisomorphic_parent_pairs": 936, "parent_isomorphic": 608}, "status": "SELECTED_TEMPLATE_EXHAUSTED_NO_CE_SINGLE_IMPLEMENTATION"}
MOVING_QUOTIENT_TEMPLATE 29 {"counts": {"assignments": 32768, "degree_rejections": 10240, "edge_count_rejections": 22528}, "status": "SELECTED_TEMPLATE_EXHAUSTED_NO_CE_SINGLE_IMPLEMENTATION"}
MOVING_QUOTIENT_TEMPLATE 30 {"counts": {"assignments": 32768, "degree_rejections": 8151, "edge_count_rejections": 22528, "missing_probe_card": 1577, "nonisomorphic_parent_pairs": 1577, "parent_isomorphic": 512}, "status": "SELECTED_TEMPLATE_EXHAUSTED_NO_CE_SINGLE_IMPLEMENTATION"}
MOVING_QUOTIENT_TEMPLATE 31 {"counts": {"assignments": 32768, "degree_rejections": 7884, "edge_count_rejections": 22528, "missing_probe_card": 1396, "nonisomorphic_parent_pairs": 1396, "parent_isomorphic": 960}, "status": "SELECTED_TEMPLATE_EXHAUSTED_NO_CE_SINGLE_IMPLEMENTATION"}
MOVING_QUOTIENT_TEMPLATE 32 {"counts": {"assignments": 32768, "degree_rejections": 7860, "edge_count_rejections": 22528, "missing_probe_card": 1404, "nonisomorphic_parent_pairs": 1404, "parent_isomorphic": 976}, "status": "SELECTED_TEMPLATE_EXHAUSTED_NO_CE_SINGLE_IMPLEMENTATION"}
MOVING_QUOTIENT_TEMPLATE 33 {"counts": {"assignments": 32768, "degree_rejections": 7884, "edge_count_rejections": 22528, "full_deck_mismatch": 1, "missing_probe_card": 1379, "nonisomorphic_parent_pairs": 1380, "parent_isomorphic": 976}, "status": "SELECTED_TEMPLATE_EXHAUSTED_NO_CE_SINGLE_IMPLEMENTATION"}
MOVING_QUOTIENT_TEMPLATE 34 {"counts": {"assignments": 32768, "degree_rejections": 7884, "edge_count_rejections": 22528, "missing_probe_card": 1380, "nonisomorphic_parent_pairs": 1380, "parent_isomorphic": 976}, "status": "SELECTED_TEMPLATE_EXHAUSTED_NO_CE_SINGLE_IMPLEMENTATION"}
MOVING_QUOTIENT_TEMPLATE 35 {"counts": {"assignments": 32768, "degree_rejections": 7184, "edge_count_rejections": 22528, "missing_probe_card": 2096, "nonisomorphic_parent_pairs": 2096, "parent_isomorphic": 960}, "status": "SELECTED_TEMPLATE_EXHAUSTED_NO_CE_SINGLE_IMPLEMENTATION"}
MOVING_QUOTIENT_TEMPLATE 36 {"counts": {"assignments": 32768, "degree_rejections": 9836, "edge_count_rejections": 22528, "missing_probe_card": 404, "nonisomorphic_parent_pairs": 404}, "status": "SELECTED_TEMPLATE_EXHAUSTED_NO_CE_SINGLE_IMPLEMENTATION"}
MOVING_QUOTIENT_TEMPLATE 37 {"counts": {"assignments": 32768, "degree_rejections": 9932, "edge_count_rejections": 22528, "missing_probe_card": 308, "nonisomorphic_parent_pairs": 308}, "status": "SELECTED_TEMPLATE_EXHAUSTED_NO_CE_SINGLE_IMPLEMENTATION"}
MOVING_QUOTIENT_TEMPLATE 38 {"counts": {"assignments": 32768, "degree_rejections": 10164, "edge_count_rejections": 22528, "missing_probe_card": 76, "nonisomorphic_parent_pairs": 76}, "status": "SELECTED_TEMPLATE_EXHAUSTED_NO_CE_SINGLE_IMPLEMENTATION"}
MOVING_QUOTIENT_TEMPLATE 39 {"counts": {"assignments": 32768, "degree_rejections": 10218, "edge_count_rejections": 22528, "missing_probe_card": 22, "nonisomorphic_parent_pairs": 22}, "status": "SELECTED_TEMPLATE_EXHAUSTED_NO_CE_SINGLE_IMPLEMENTATION"}
MOVING_QUOTIENT_TEMPLATE 40 {"counts": {"assignments": 32768, "degree_rejections": 9080, "edge_count_rejections": 22528, "missing_probe_card": 1160, "nonisomorphic_parent_pairs": 1160}, "status": "SELECTED_TEMPLATE_EXHAUSTED_NO_CE_SINGLE_IMPLEMENTATION"}
MOVING_QUOTIENT_TEMPLATE 41 {"counts": {"assignments": 32768, "degree_rejections": 10218, "edge_count_rejections": 22528, "missing_probe_card": 22, "nonisomorphic_parent_pairs": 22}, "status": "SELECTED_TEMPLATE_EXHAUSTED_NO_CE_SINGLE_IMPLEMENTATION"}
MOVING_QUOTIENT_TEMPLATE 42 {"counts": {"assignments": 32768, "degree_rejections": 10240, "edge_count_rejections": 22528}, "status": "SELECTED_TEMPLATE_EXHAUSTED_NO_CE_SINGLE_IMPLEMENTATION"}
MOVING_QUOTIENT_TEMPLATE 43 {"counts": {"assignments": 32768, "degree_rejections": 9018, "edge_count_rejections": 22528, "missing_probe_card": 1222, "nonisomorphic_parent_pairs": 1222}, "status": "SELECTED_TEMPLATE_EXHAUSTED_NO_CE_SINGLE_IMPLEMENTATION"}
MOVING_QUOTIENT_TEMPLATE 44 {"counts": {"assignments": 32768, "degree_rejections": 10240, "edge_count_rejections": 22528}, "status": "SELECTED_TEMPLATE_EXHAUSTED_NO_CE_SINGLE_IMPLEMENTATION"}
MOVING_QUOTIENT_TEMPLATE 45 {"counts": {"assignments": 32768, "degree_rejections": 10240, "edge_count_rejections": 22528}, "status": "SELECTED_TEMPLATE_EXHAUSTED_NO_CE_SINGLE_IMPLEMENTATION"}
MOVING_QUOTIENT_TEMPLATE 46 {"counts": {"assignments": 32768, "degree_rejections": 10036, "edge_count_rejections": 22528, "missing_probe_card": 204, "nonisomorphic_parent_pairs": 204}, "status": "SELECTED_TEMPLATE_EXHAUSTED_NO_CE_SINGLE_IMPLEMENTATION"}
MOVING_QUOTIENT_TEMPLATE 47 {"counts": {"assignments": 32768, "degree_rejections": 10240, "edge_count_rejections": 22528}, "status": "SELECTED_TEMPLATE_EXHAUSTED_NO_CE_SINGLE_IMPLEMENTATION"}
MOVING_QUOTIENT_TEMPLATE 48 {"counts": {"assignments": 32768, "degree_rejections": 10164, "edge_count_rejections": 22528, "missing_probe_card": 76, "nonisomorphic_parent_pairs": 76}, "status": "SELECTED_TEMPLATE_EXHAUSTED_NO_CE_SINGLE_IMPLEMENTATION"}
MOVING_QUOTIENT_TEMPLATE 49 {"counts": {"assignments": 32768, "degree_rejections": 10156, "edge_count_rejections": 22528, "missing_probe_card": 84, "nonisomorphic_parent_pairs": 84}, "status": "SELECTED_TEMPLATE_EXHAUSTED_NO_CE_SINGLE_IMPLEMENTATION"}
MOVING_QUOTIENT_TEMPLATE 50 {"counts": {"assignments": 32768, "degree_rejections": 10138, "edge_count_rejections": 22528, "missing_probe_card": 102, "nonisomorphic_parent_pairs": 102}, "status": "SELECTED_TEMPLATE_EXHAUSTED_NO_CE_SINGLE_IMPLEMENTATION"}
MOVING_QUOTIENT_TEMPLATE 51 {"counts": {"assignments": 32768, "degree_rejections": 9994, "edge_count_rejections": 22528, "missing_probe_card": 246, "nonisomorphic_parent_pairs": 246}, "status": "SELECTED_TEMPLATE_EXHAUSTED_NO_CE_SINGLE_IMPLEMENTATION"}
MOVING_QUOTIENT_TEMPLATE 52 {"counts": {"assignments": 32768, "degree_rejections": 10104, "edge_count_rejections": 22528, "missing_probe_card": 136, "nonisomorphic_parent_pairs": 136}, "status": "SELECTED_TEMPLATE_EXHAUSTED_NO_CE_SINGLE_IMPLEMENTATION"}
MOVING_QUOTIENT_TEMPLATE 53 {"counts": {"assignments": 32768, "degree_rejections": 9018, "edge_count_rejections": 22528, "missing_probe_card": 1222, "nonisomorphic_parent_pairs": 1222}, "status": "SELECTED_TEMPLATE_EXHAUSTED_NO_CE_SINGLE_IMPLEMENTATION"}
MOVING_QUOTIENT_TEMPLATE 54 {"counts": {"assignments": 32768, "degree_rejections": 7528, "edge_count_rejections": 22528, "missing_probe_card": 2200, "nonisomorphic_parent_pairs": 2200, "parent_isomorphic": 512}, "status": "SELECTED_TEMPLATE_EXHAUSTED_NO_CE_SINGLE_IMPLEMENTATION"}
MOVING_QUOTIENT_TEMPLATE 55 {"counts": {"assignments": 32768, "degree_rejections": 7792, "edge_count_rejections": 22528, "missing_probe_card": 1936, "nonisomorphic_parent_pairs": 1936, "parent_isomorphic": 512}, "status": "SELECTED_TEMPLATE_EXHAUSTED_NO_CE_SINGLE_IMPLEMENTATION"}
MOVING_QUOTIENT_TEMPLATE 56 {"counts": {"assignments": 32768, "degree_rejections": 9927, "edge_count_rejections": 22528, "missing_probe_card": 313, "nonisomorphic_parent_pairs": 313}, "status": "SELECTED_TEMPLATE_EXHAUSTED_NO_CE_SINGLE_IMPLEMENTATION"}
MOVING_QUOTIENT_TEMPLATE 57 {"counts": {"assignments": 32768, "degree_rejections": 7400, "edge_count_rejections": 22528, "missing_probe_card": 2328, "nonisomorphic_parent_pairs": 2328, "parent_isomorphic": 512}, "status": "SELECTED_TEMPLATE_EXHAUSTED_NO_CE_SINGLE_IMPLEMENTATION"}
MOVING_QUOTIENT_TEMPLATE 58 {"counts": {"assignments": 32768, "degree_rejections": 7184, "edge_count_rejections": 22528, "missing_probe_card": 2096, "nonisomorphic_parent_pairs": 2096, "parent_isomorphic": 960}, "status": "SELECTED_TEMPLATE_EXHAUSTED_NO_CE_SINGLE_IMPLEMENTATION"}
MOVING_QUOTIENT_TEMPLATE 59 {"counts": {"assignments": 32768, "degree_rejections": 9705, "edge_count_rejections": 22528, "missing_probe_card": 535, "nonisomorphic_parent_pairs": 535}, "status": "SELECTED_TEMPLATE_EXHAUSTED_NO_CE_SINGLE_IMPLEMENTATION"}
MOVING_QUOTIENT_TEMPLATE 60 {"counts": {"assignments": 32768, "degree_rejections": 9913, "edge_count_rejections": 22528, "missing_probe_card": 327, "nonisomorphic_parent_pairs": 327}, "status": "SELECTED_TEMPLATE_EXHAUSTED_NO_CE_SINGLE_IMPLEMENTATION"}
MOVING_QUOTIENT_TEMPLATE 61 {"counts": {"assignments": 32768, "degree_rejections": 7528, "edge_count_rejections": 22528, "missing_probe_card": 1752, "nonisomorphic_parent_pairs": 1752, "parent_isomorphic": 960}, "status": "SELECTED_TEMPLATE_EXHAUSTED_NO_CE_SINGLE_IMPLEMENTATION"}
MOVING_QUOTIENT_TEMPLATE 62 {"counts": {"assignments": 32768, "degree_rejections": 7528, "edge_count_rejections": 22528, "missing_probe_card": 1736, "nonisomorphic_parent_pairs": 1736, "parent_isomorphic": 976}, "status": "SELECTED_TEMPLATE_EXHAUSTED_NO_CE_SINGLE_IMPLEMENTATION"}
MOVING_QUOTIENT_TEMPLATE 63 {"counts": {"assignments": 32768, "degree_rejections": 7528, "edge_count_rejections": 22528, "missing_probe_card": 2184, "nonisomorphic_parent_pairs": 2184, "parent_isomorphic": 528}, "status": "SELECTED_TEMPLATE_EXHAUSTED_NO_CE_SINGLE_IMPLEMENTATION"}
MOVING_QUOTIENT_RESULT {"counts": {"assignments": 2097152, "degree_rejections": 561066, "edge_count_rejections": 1441792, "full_deck_mismatch": 254, "missing_probe_card": 66454, "nonisomorphic_parent_pairs": 66708, "parent_isomorphic": 27586}, "include_extendable": false, "seconds": 30.826768566999817, "status": "BOUNDED_QUOTIENT_PREFIX_NO_CE_REMAINDER_OPEN", "templates_searched": 64, "templates_total": 330}
