PARENT_BLOCK_LAYER 0 864 0.456
PARENT_BLOCK_LAYER 1 59616 1.119
PARENT_BLOCK_PROGRESS 2 10000 296064 4.112
PARENT_BLOCK_PROGRESS 2 20000 656064 8.636
PARENT_BLOCK_PROGRESS 2 30000 1016064 13.8
PARENT_BLOCK_LAYER 2 1184544 17.201
PARENT_BLOCK_PROGRESS 3 40000 1376064 19.414
PARENT_BLOCK_PROGRESS 3 50000 1736064 25.124
PARENT_BLOCK_PROGRESS 3 60000 2096064 31.505
PARENT_BLOCK_PROGRESS 3 70000 2456064 38.046
PARENT_BLOCK_PROGRESS 3 80000 2816064 43.869
PARENT_BLOCK_PROGRESS 3 90000 3176064 49.615
PARENT_BLOCK_PROGRESS 3 100000 3536064 55.258
PARENT_BLOCK_PROGRESS 3 110000 3896064 61.162
PARENT_BLOCK_PROGRESS 3 120000 4256064 66.888
PARENT_BLOCK_PROGRESS 3 130000 4616064 72.6
PARENT_BLOCK_PROGRESS 3 140000 4976064 78.799
PARENT_BLOCK_PROGRESS 3 150000 5336064 84.944
PARENT_BLOCK_PROGRESS 3 160000 5696064 90.851
PARENT_BLOCK_PROGRESS 3 170000 6056064 96.929
PARENT_BLOCK_PROGRESS 3 180000 6416064 103.0
PARENT_BLOCK_PROGRESS 3 190000 6776064 108.951
PARENT_BLOCK_PROGRESS 3 200000 7136064 114.951
PARENT_BLOCK_PROGRESS 3 210000 7496064 120.577
PARENT_BLOCK_PROGRESS 3 220000 7856064 126.537
PARENT_BLOCK_PROGRESS 3 230000 8216064 132.412
PARENT_BLOCK_PROGRESS 3 240000 8576064 138.381
PARENT_BLOCK_LAYER 3 7500384 141.161
TWO_ROOT_ENCODED {"base_clauses": 1669751, "base_encode_seconds": 2.534540456999821, "base_variables": 36892, "build_seconds": 143.72173618600027, "core": {"edges": [[0, 9], [0, 10], [1, 11], [1, 12], [2, 9], [2, 11], [2, 13], [3, 9], [3, 11], [3, 13], [4, 9], [4, 11], [4, 13], [5, 10], [5, 12], [5, 13], [6, 10], [6, 12], [6, 13], [7, 10], [7, 12], [7, 13], [8, 10], [8, 12], [8, 13], [9, 16], [9, 17], [10, 14], [10, 16], [10, 18], [11, 15], [11, 16], [11, 18], [12, 17], [12, 18], [13, 14], [13, 15], [13, 17], [14, 15], [14, 16], [14, 17], [14, 18], [15, 16], [15, 17], [15, 18], [16, 17], [16, 18], [17, 18]], "graph6": "R??????mCNN?PwNw?@G?J?FK?Rw?\\w", "order": 19}, "dropped_cards": 0, "edge_bits": 120, "fast_preblock": true, "initial_clauses": 10429319, "initial_variables": 40432, "isomorphic_models_blocked": 0, "parent_isomorphism_maps_by_migration_count": {"0": 864, "1": 59616, "2": 1184544, "3": 7500384}, "parent_order": 22, "preblock_all_parent_isomorphisms": true, "redundant_degree_constraints": true, "roots": 3, "solver_seconds_budget": 900.0, "status": "BUILDING"}
TWO_ROOT_RESULT {"base_clauses": 1669751, "base_encode_seconds": 2.534540456999821, "base_variables": 36892, "build_seconds": 143.72173618600027, "core": {"edges": [[0, 9], [0, 10], [1, 11], [1, 12], [2, 9], [2, 11], [2, 13], [3, 9], [3, 11], [3, 13], [4, 9], [4, 11], [4, 13], [5, 10], [5, 12], [5, 13], [6, 10], [6, 12], [6, 13], [7, 10], [7, 12], [7, 13], [8, 10], [8, 12], [8, 13], [9, 16], [9, 17], [10, 14], [10, 16], [10, 18], [11, 15], [11, 16], [11, 18], [12, 17], [12, 18], [13, 14], [13, 15], [13, 17], [14, 15], [14, 16], [14, 17], [14, 18], [15, 16], [15, 17], [15, 18], [16, 17], [16, 18], [17, 18]], "graph6": "R??????mCNN?PwNw?@G?J?FK?Rw?\\w", "order": 19}, "dropped_cards": 0, "edge_bits": 120, "fast_preblock": true, "final_clauses": 10429319, "final_variables": 40432, "initial_clauses": 10429319, "initial_variables": 40432, "isomorphic_models_blocked": 0, "parent_isomorphism_maps_by_migration_count": {"0": 864, "1": 59616, "2": 1184544, "3": 7500384}, "parent_order": 22, "preblock_all_parent_isomorphisms": true, "redundant_degree_constraints": true, "roots": 3, "solver_seconds_budget": 900.0, "solver_stats": {"conflicts": 364962, "decisions": 753546, "propagations": 108899496, "restarts": 1065}, "status": "TIMEOUT_UNRESOLVED", "total_seconds": 1043.8397503329998}
